ARM GAS  C:\Users\Admin\AppData\Local\Temp\ccm7ahbP.s 			page 1


   1              		.syntax unified
   2              		.cpu cortex-m0
   3              		.fpu softvfp
   4              		.eabi_attribute 20, 1
   5              		.eabi_attribute 21, 1
   6              		.eabi_attribute 23, 3
   7              		.eabi_attribute 24, 1
   8              		.eabi_attribute 25, 1
   9              		.eabi_attribute 26, 1
  10              		.eabi_attribute 30, 1
  11              		.eabi_attribute 34, 0
  12              		.eabi_attribute 18, 4
  13              		.thumb
  14              		.syntax unified
  15              		.file	"cyfitter_cfg.c"
  16              		.text
  17              	.Ltext0:
  18              		.cfi_sections	.debug_frame
  19              		.section	.text.cfg_write_bytes32,"ax",%progbits
  20              		.align	2
  21              		.code	16
  22              		.thumb_func
  23              		.type	cfg_write_bytes32, %function
  24              	cfg_write_bytes32:
  25              	.LFB4:
  26              		.file 1 "Generated_Source\\PSoC4\\cyfitter_cfg.c"
   1:Generated_Source\PSoC4/cyfitter_cfg.c **** 
   2:Generated_Source\PSoC4/cyfitter_cfg.c **** /*******************************************************************************
   3:Generated_Source\PSoC4/cyfitter_cfg.c **** * File Name: cyfitter_cfg.c
   4:Generated_Source\PSoC4/cyfitter_cfg.c **** * 
   5:Generated_Source\PSoC4/cyfitter_cfg.c **** * PSoC Creator  4.4
   6:Generated_Source\PSoC4/cyfitter_cfg.c **** *
   7:Generated_Source\PSoC4/cyfitter_cfg.c **** * Description:
   8:Generated_Source\PSoC4/cyfitter_cfg.c **** * This file contains device initialization code.
   9:Generated_Source\PSoC4/cyfitter_cfg.c **** * Except for the user defined sections in CyClockStartupError(), this file should not be modified.
  10:Generated_Source\PSoC4/cyfitter_cfg.c **** * This file is automatically generated by PSoC Creator.
  11:Generated_Source\PSoC4/cyfitter_cfg.c **** *
  12:Generated_Source\PSoC4/cyfitter_cfg.c **** ********************************************************************************
  13:Generated_Source\PSoC4/cyfitter_cfg.c **** * Copyright (c) 2007-2020 Cypress Semiconductor.  All rights reserved.
  14:Generated_Source\PSoC4/cyfitter_cfg.c **** * You may use this file only in accordance with the license, terms, conditions, 
  15:Generated_Source\PSoC4/cyfitter_cfg.c **** * disclaimers, and limitations in the end user license agreement accompanying 
  16:Generated_Source\PSoC4/cyfitter_cfg.c **** * the software package with which this file was provided.
  17:Generated_Source\PSoC4/cyfitter_cfg.c **** ********************************************************************************/
  18:Generated_Source\PSoC4/cyfitter_cfg.c **** 
  19:Generated_Source\PSoC4/cyfitter_cfg.c **** #include <string.h>
  20:Generated_Source\PSoC4/cyfitter_cfg.c **** #include "cytypes.h"
  21:Generated_Source\PSoC4/cyfitter_cfg.c **** #include "cydevice_trm.h"
  22:Generated_Source\PSoC4/cyfitter_cfg.c **** #include "cyfitter.h"
  23:Generated_Source\PSoC4/cyfitter_cfg.c **** #include "CyLib.h"
  24:Generated_Source\PSoC4/cyfitter_cfg.c **** #include "CyLFClk.h"
  25:Generated_Source\PSoC4/cyfitter_cfg.c **** #include "cyfitter_cfg.h"
  26:Generated_Source\PSoC4/cyfitter_cfg.c **** #include "cyapicallbacks.h"
  27:Generated_Source\PSoC4/cyfitter_cfg.c **** 
  28:Generated_Source\PSoC4/cyfitter_cfg.c **** 
  29:Generated_Source\PSoC4/cyfitter_cfg.c **** #if defined(__GNUC__) || defined(__ARMCC_VERSION)
  30:Generated_Source\PSoC4/cyfitter_cfg.c ****     #define CYPACKED 
  31:Generated_Source\PSoC4/cyfitter_cfg.c ****     #define CYPACKED_ATTR __attribute__ ((packed))
ARM GAS  C:\Users\Admin\AppData\Local\Temp\ccm7ahbP.s 			page 2


  32:Generated_Source\PSoC4/cyfitter_cfg.c ****     #define CYALIGNED __attribute__ ((aligned))
  33:Generated_Source\PSoC4/cyfitter_cfg.c ****     #define CY_CFG_UNUSED __attribute__ ((unused))
  34:Generated_Source\PSoC4/cyfitter_cfg.c ****     #ifndef CY_CFG_SECTION
  35:Generated_Source\PSoC4/cyfitter_cfg.c ****         #define CY_CFG_SECTION __attribute__ ((section(".psocinit")))
  36:Generated_Source\PSoC4/cyfitter_cfg.c ****     #endif
  37:Generated_Source\PSoC4/cyfitter_cfg.c ****     
  38:Generated_Source\PSoC4/cyfitter_cfg.c ****     #if defined(__ARMCC_VERSION)
  39:Generated_Source\PSoC4/cyfitter_cfg.c ****         #define CY_CFG_MEMORY_BARRIER() __memory_changed()
  40:Generated_Source\PSoC4/cyfitter_cfg.c ****     #else
  41:Generated_Source\PSoC4/cyfitter_cfg.c ****         #define CY_CFG_MEMORY_BARRIER() __sync_synchronize()
  42:Generated_Source\PSoC4/cyfitter_cfg.c ****     #endif
  43:Generated_Source\PSoC4/cyfitter_cfg.c ****     
  44:Generated_Source\PSoC4/cyfitter_cfg.c **** #elif defined(__ICCARM__)
  45:Generated_Source\PSoC4/cyfitter_cfg.c ****     #include <intrinsics.h>
  46:Generated_Source\PSoC4/cyfitter_cfg.c **** 
  47:Generated_Source\PSoC4/cyfitter_cfg.c ****     #define CYPACKED __packed
  48:Generated_Source\PSoC4/cyfitter_cfg.c ****     #define CYPACKED_ATTR 
  49:Generated_Source\PSoC4/cyfitter_cfg.c ****     #define CYALIGNED _Pragma("data_alignment=4")
  50:Generated_Source\PSoC4/cyfitter_cfg.c ****     #define CY_CFG_UNUSED _Pragma("diag_suppress=Pe177")
  51:Generated_Source\PSoC4/cyfitter_cfg.c ****     #define CY_CFG_SECTION _Pragma("location=\".psocinit\"")
  52:Generated_Source\PSoC4/cyfitter_cfg.c ****     
  53:Generated_Source\PSoC4/cyfitter_cfg.c ****     #define CY_CFG_MEMORY_BARRIER() __DMB()
  54:Generated_Source\PSoC4/cyfitter_cfg.c ****     
  55:Generated_Source\PSoC4/cyfitter_cfg.c **** #else
  56:Generated_Source\PSoC4/cyfitter_cfg.c ****     #error Unsupported toolchain
  57:Generated_Source\PSoC4/cyfitter_cfg.c **** #endif
  58:Generated_Source\PSoC4/cyfitter_cfg.c **** 
  59:Generated_Source\PSoC4/cyfitter_cfg.c **** #ifndef CYCODE
  60:Generated_Source\PSoC4/cyfitter_cfg.c ****     #define CYCODE
  61:Generated_Source\PSoC4/cyfitter_cfg.c **** #endif
  62:Generated_Source\PSoC4/cyfitter_cfg.c **** #ifndef CYDATA
  63:Generated_Source\PSoC4/cyfitter_cfg.c ****     #define CYDATA
  64:Generated_Source\PSoC4/cyfitter_cfg.c **** #endif
  65:Generated_Source\PSoC4/cyfitter_cfg.c **** #ifndef CYFAR
  66:Generated_Source\PSoC4/cyfitter_cfg.c ****     #define CYFAR
  67:Generated_Source\PSoC4/cyfitter_cfg.c **** #endif
  68:Generated_Source\PSoC4/cyfitter_cfg.c **** #ifndef CYXDATA
  69:Generated_Source\PSoC4/cyfitter_cfg.c ****     #define CYXDATA
  70:Generated_Source\PSoC4/cyfitter_cfg.c **** #endif
  71:Generated_Source\PSoC4/cyfitter_cfg.c **** 
  72:Generated_Source\PSoC4/cyfitter_cfg.c **** 
  73:Generated_Source\PSoC4/cyfitter_cfg.c **** CY_CFG_UNUSED
  74:Generated_Source\PSoC4/cyfitter_cfg.c **** static void CYMEMZERO(void *s, size_t n);
  75:Generated_Source\PSoC4/cyfitter_cfg.c **** CY_CFG_UNUSED
  76:Generated_Source\PSoC4/cyfitter_cfg.c **** static void CYMEMZERO(void *s, size_t n)
  77:Generated_Source\PSoC4/cyfitter_cfg.c **** {
  78:Generated_Source\PSoC4/cyfitter_cfg.c **** 	(void)memset(s, 0, n);
  79:Generated_Source\PSoC4/cyfitter_cfg.c **** }
  80:Generated_Source\PSoC4/cyfitter_cfg.c **** CY_CFG_UNUSED
  81:Generated_Source\PSoC4/cyfitter_cfg.c **** static void CYCONFIGCPY(void *dest, const void *src, size_t n);
  82:Generated_Source\PSoC4/cyfitter_cfg.c **** CY_CFG_UNUSED
  83:Generated_Source\PSoC4/cyfitter_cfg.c **** static void CYCONFIGCPY(void *dest, const void *src, size_t n)
  84:Generated_Source\PSoC4/cyfitter_cfg.c **** {
  85:Generated_Source\PSoC4/cyfitter_cfg.c **** 	(void)memcpy(dest, src, n);
  86:Generated_Source\PSoC4/cyfitter_cfg.c **** }
  87:Generated_Source\PSoC4/cyfitter_cfg.c **** CY_CFG_UNUSED
  88:Generated_Source\PSoC4/cyfitter_cfg.c **** static void CYCONFIGCPYCODE(void *dest, const void *src, size_t n);
ARM GAS  C:\Users\Admin\AppData\Local\Temp\ccm7ahbP.s 			page 3


  89:Generated_Source\PSoC4/cyfitter_cfg.c **** CY_CFG_UNUSED
  90:Generated_Source\PSoC4/cyfitter_cfg.c **** static void CYCONFIGCPYCODE(void *dest, const void *src, size_t n)
  91:Generated_Source\PSoC4/cyfitter_cfg.c **** {
  92:Generated_Source\PSoC4/cyfitter_cfg.c **** 	(void)memcpy(dest, src, n);
  93:Generated_Source\PSoC4/cyfitter_cfg.c **** }
  94:Generated_Source\PSoC4/cyfitter_cfg.c **** 
  95:Generated_Source\PSoC4/cyfitter_cfg.c **** 
  96:Generated_Source\PSoC4/cyfitter_cfg.c **** 
  97:Generated_Source\PSoC4/cyfitter_cfg.c **** 
  98:Generated_Source\PSoC4/cyfitter_cfg.c **** /* Clock startup error codes                                                   */
  99:Generated_Source\PSoC4/cyfitter_cfg.c **** #define CYCLOCKSTART_NO_ERROR    0u
 100:Generated_Source\PSoC4/cyfitter_cfg.c **** #define CYCLOCKSTART_XTAL_ERROR  1u
 101:Generated_Source\PSoC4/cyfitter_cfg.c **** #define CYCLOCKSTART_32KHZ_ERROR 2u
 102:Generated_Source\PSoC4/cyfitter_cfg.c **** #define CYCLOCKSTART_PLL_ERROR   3u
 103:Generated_Source\PSoC4/cyfitter_cfg.c **** #define CYCLOCKSTART_FLL_ERROR   4u
 104:Generated_Source\PSoC4/cyfitter_cfg.c **** #define CYCLOCKSTART_WCO_ERROR   5u
 105:Generated_Source\PSoC4/cyfitter_cfg.c **** 
 106:Generated_Source\PSoC4/cyfitter_cfg.c **** 
 107:Generated_Source\PSoC4/cyfitter_cfg.c **** #ifdef CY_NEED_CYCLOCKSTARTUPERROR
 108:Generated_Source\PSoC4/cyfitter_cfg.c **** /*******************************************************************************
 109:Generated_Source\PSoC4/cyfitter_cfg.c **** * Function Name: CyClockStartupError
 110:Generated_Source\PSoC4/cyfitter_cfg.c **** ********************************************************************************
 111:Generated_Source\PSoC4/cyfitter_cfg.c **** * Summary:
 112:Generated_Source\PSoC4/cyfitter_cfg.c **** *  If an error is encountered during clock configuration (crystal startup error,
 113:Generated_Source\PSoC4/cyfitter_cfg.c **** *  PLL lock error, etc.), the system will end up here.  Unless reimplemented by
 114:Generated_Source\PSoC4/cyfitter_cfg.c **** *  the customer, this function will stop in an infinite loop.
 115:Generated_Source\PSoC4/cyfitter_cfg.c **** *
 116:Generated_Source\PSoC4/cyfitter_cfg.c **** * Parameters:
 117:Generated_Source\PSoC4/cyfitter_cfg.c **** *   void
 118:Generated_Source\PSoC4/cyfitter_cfg.c **** *
 119:Generated_Source\PSoC4/cyfitter_cfg.c **** * Return:
 120:Generated_Source\PSoC4/cyfitter_cfg.c **** *   void
 121:Generated_Source\PSoC4/cyfitter_cfg.c **** *
 122:Generated_Source\PSoC4/cyfitter_cfg.c **** *******************************************************************************/
 123:Generated_Source\PSoC4/cyfitter_cfg.c **** CY_CFG_UNUSED
 124:Generated_Source\PSoC4/cyfitter_cfg.c **** static void CyClockStartupError(uint8 errorCode);
 125:Generated_Source\PSoC4/cyfitter_cfg.c **** CY_CFG_UNUSED
 126:Generated_Source\PSoC4/cyfitter_cfg.c **** static void CyClockStartupError(uint8 errorCode)
 127:Generated_Source\PSoC4/cyfitter_cfg.c **** {
 128:Generated_Source\PSoC4/cyfitter_cfg.c ****     /* To remove the compiler warning if errorCode not used.                */
 129:Generated_Source\PSoC4/cyfitter_cfg.c ****     errorCode = errorCode;
 130:Generated_Source\PSoC4/cyfitter_cfg.c **** 
 131:Generated_Source\PSoC4/cyfitter_cfg.c ****     /* If we have a clock startup error (bad MHz crystal, PLL lock, etc.),  */
 132:Generated_Source\PSoC4/cyfitter_cfg.c ****     /* we will end up here to allow the customer to implement something to  */
 133:Generated_Source\PSoC4/cyfitter_cfg.c ****     /* deal with the clock condition.                                       */
 134:Generated_Source\PSoC4/cyfitter_cfg.c **** 
 135:Generated_Source\PSoC4/cyfitter_cfg.c **** #ifdef CY_CFG_CLOCK_STARTUP_ERROR_CALLBACK
 136:Generated_Source\PSoC4/cyfitter_cfg.c ****     CY_CFG_Clock_Startup_ErrorCallback();
 137:Generated_Source\PSoC4/cyfitter_cfg.c **** #else
 138:Generated_Source\PSoC4/cyfitter_cfg.c ****     /*  If not using CY_CFG_CLOCK_STARTUP_ERROR_CALLBACK, place your clock startup code here. */
 139:Generated_Source\PSoC4/cyfitter_cfg.c ****     /* `#START CyClockStartupError` */
 140:Generated_Source\PSoC4/cyfitter_cfg.c **** 
 141:Generated_Source\PSoC4/cyfitter_cfg.c **** 
 142:Generated_Source\PSoC4/cyfitter_cfg.c **** 
 143:Generated_Source\PSoC4/cyfitter_cfg.c ****     /* `#END` */
 144:Generated_Source\PSoC4/cyfitter_cfg.c **** 
 145:Generated_Source\PSoC4/cyfitter_cfg.c ****     while(1) {}
ARM GAS  C:\Users\Admin\AppData\Local\Temp\ccm7ahbP.s 			page 4


 146:Generated_Source\PSoC4/cyfitter_cfg.c **** #endif /* CY_CFG_CLOCK_STARTUP_ERROR_CALLBACK */
 147:Generated_Source\PSoC4/cyfitter_cfg.c **** }
 148:Generated_Source\PSoC4/cyfitter_cfg.c **** #endif
 149:Generated_Source\PSoC4/cyfitter_cfg.c **** 
 150:Generated_Source\PSoC4/cyfitter_cfg.c **** #define CY_CFG_BASE_ADDR_COUNT 4u
 151:Generated_Source\PSoC4/cyfitter_cfg.c **** CYPACKED typedef struct
 152:Generated_Source\PSoC4/cyfitter_cfg.c **** {
 153:Generated_Source\PSoC4/cyfitter_cfg.c **** 	uint8 offset;
 154:Generated_Source\PSoC4/cyfitter_cfg.c **** 	uint8 value;
 155:Generated_Source\PSoC4/cyfitter_cfg.c **** } CYPACKED_ATTR cy_cfg_addrvalue_t;
 156:Generated_Source\PSoC4/cyfitter_cfg.c **** 
 157:Generated_Source\PSoC4/cyfitter_cfg.c **** 
 158:Generated_Source\PSoC4/cyfitter_cfg.c **** 
 159:Generated_Source\PSoC4/cyfitter_cfg.c **** /*******************************************************************************
 160:Generated_Source\PSoC4/cyfitter_cfg.c **** * Function Name: cfg_write_bytes32
 161:Generated_Source\PSoC4/cyfitter_cfg.c **** ********************************************************************************
 162:Generated_Source\PSoC4/cyfitter_cfg.c **** * Summary:
 163:Generated_Source\PSoC4/cyfitter_cfg.c **** *  This function is used for setting up the chip configuration areas that
 164:Generated_Source\PSoC4/cyfitter_cfg.c **** *  contain relatively sparse data.
 165:Generated_Source\PSoC4/cyfitter_cfg.c **** *
 166:Generated_Source\PSoC4/cyfitter_cfg.c **** * Parameters:
 167:Generated_Source\PSoC4/cyfitter_cfg.c **** *   void
 168:Generated_Source\PSoC4/cyfitter_cfg.c **** *
 169:Generated_Source\PSoC4/cyfitter_cfg.c **** * Return:
 170:Generated_Source\PSoC4/cyfitter_cfg.c **** *   void
 171:Generated_Source\PSoC4/cyfitter_cfg.c **** *
 172:Generated_Source\PSoC4/cyfitter_cfg.c **** *******************************************************************************/
 173:Generated_Source\PSoC4/cyfitter_cfg.c **** static void cfg_write_bytes32(const uint32 addr_table[], const cy_cfg_addrvalue_t data_table[]);
 174:Generated_Source\PSoC4/cyfitter_cfg.c **** static void cfg_write_bytes32(const uint32 addr_table[], const cy_cfg_addrvalue_t data_table[])
 175:Generated_Source\PSoC4/cyfitter_cfg.c **** {
  27              		.loc 1 175 0
  28              		.cfi_startproc
  29              		@ args = 0, pretend = 0, frame = 0
  30              		@ frame_needed = 0, uses_anonymous_args = 0
  31              	.LVL0:
  32 0000 F0B5     		push	{r4, r5, r6, r7, lr}
  33              		.cfi_def_cfa_offset 20
  34              		.cfi_offset 4, -20
  35              		.cfi_offset 5, -16
  36              		.cfi_offset 6, -12
  37              		.cfi_offset 7, -8
  38              		.cfi_offset 14, -4
  39              	.LVL1:
 176:Generated_Source\PSoC4/cyfitter_cfg.c **** 	/* For 32-bit little-endian architectures */
 177:Generated_Source\PSoC4/cyfitter_cfg.c **** 	uint32 i, j = 0u;
  40              		.loc 1 177 0
  41 0002 0025     		movs	r5, #0
 178:Generated_Source\PSoC4/cyfitter_cfg.c **** 	for (i = 0u; i < CY_CFG_BASE_ADDR_COUNT; i++)
  42              		.loc 1 178 0
  43 0004 0027     		movs	r7, #0
  44 0006 11E0     		b	.L2
  45              	.LVL2:
  46              	.L5:
  47              	.LBB2:
 179:Generated_Source\PSoC4/cyfitter_cfg.c **** 	{
 180:Generated_Source\PSoC4/cyfitter_cfg.c **** 		uint32 baseAddr = addr_table[i];
  48              		.loc 1 180 0
ARM GAS  C:\Users\Admin\AppData\Local\Temp\ccm7ahbP.s 			page 5


  49 0008 BB00     		lsls	r3, r7, #2
  50 000a C658     		ldr	r6, [r0, r3]
  51              	.LVL3:
 181:Generated_Source\PSoC4/cyfitter_cfg.c **** 		uint8 count = (uint8)baseAddr;
  52              		.loc 1 181 0
  53 000c F3B2     		uxtb	r3, r6
  54              	.LVL4:
 182:Generated_Source\PSoC4/cyfitter_cfg.c **** 		baseAddr &= 0xFFFFFF00u;
  55              		.loc 1 182 0
  56 000e FF22     		movs	r2, #255
  57 0010 9643     		bics	r6, r2
  58              	.LVL5:
 183:Generated_Source\PSoC4/cyfitter_cfg.c **** 		while (count != 0u)
  59              		.loc 1 183 0
  60 0012 08E0     		b	.L3
  61              	.L4:
 184:Generated_Source\PSoC4/cyfitter_cfg.c **** 		{
 185:Generated_Source\PSoC4/cyfitter_cfg.c **** 			CY_SET_REG8((void *)(baseAddr + data_table[j].offset), data_table[j].value);
  62              		.loc 1 185 0
  63 0014 6A00     		lsls	r2, r5, #1
  64 0016 8A18     		adds	r2, r1, r2
  65 0018 1478     		ldrb	r4, [r2]
  66 001a A419     		adds	r4, r4, r6
  67 001c 5278     		ldrb	r2, [r2, #1]
  68 001e 2270     		strb	r2, [r4]
 186:Generated_Source\PSoC4/cyfitter_cfg.c **** 			j++;
  69              		.loc 1 186 0
  70 0020 0135     		adds	r5, r5, #1
  71              	.LVL6:
 187:Generated_Source\PSoC4/cyfitter_cfg.c **** 			count--;
  72              		.loc 1 187 0
  73 0022 013B     		subs	r3, r3, #1
  74              	.LVL7:
  75 0024 DBB2     		uxtb	r3, r3
  76              	.LVL8:
  77              	.L3:
 183:Generated_Source\PSoC4/cyfitter_cfg.c **** 		{
  78              		.loc 1 183 0
  79 0026 002B     		cmp	r3, #0
  80 0028 F4D1     		bne	.L4
  81              	.LBE2:
 178:Generated_Source\PSoC4/cyfitter_cfg.c **** 	{
  82              		.loc 1 178 0 discriminator 2
  83 002a 0137     		adds	r7, r7, #1
  84              	.LVL9:
  85              	.L2:
 178:Generated_Source\PSoC4/cyfitter_cfg.c **** 	{
  86              		.loc 1 178 0 is_stmt 0 discriminator 1
  87 002c 032F     		cmp	r7, #3
  88 002e EBD9     		bls	.L5
 188:Generated_Source\PSoC4/cyfitter_cfg.c **** 		}
 189:Generated_Source\PSoC4/cyfitter_cfg.c **** 	}
 190:Generated_Source\PSoC4/cyfitter_cfg.c **** }
  89              		.loc 1 190 0 is_stmt 1
  90              		@ sp needed
  91              	.LVL10:
  92              	.LVL11:
ARM GAS  C:\Users\Admin\AppData\Local\Temp\ccm7ahbP.s 			page 6


  93 0030 F0BD     		pop	{r4, r5, r6, r7, pc}
  94              		.cfi_endproc
  95              	.LFE4:
  96              		.size	cfg_write_bytes32, .-cfg_write_bytes32
  97 0032 C046     		.section	.text.AnalogSetDefault,"ax",%progbits
  98              		.align	2
  99              		.code	16
 100              		.thumb_func
 101              		.type	AnalogSetDefault, %function
 102              	AnalogSetDefault:
 103              	.LFB6:
 191:Generated_Source\PSoC4/cyfitter_cfg.c **** 
 192:Generated_Source\PSoC4/cyfitter_cfg.c **** 
 193:Generated_Source\PSoC4/cyfitter_cfg.c **** /*******************************************************************************
 194:Generated_Source\PSoC4/cyfitter_cfg.c **** * Function Name: ClockSetup
 195:Generated_Source\PSoC4/cyfitter_cfg.c **** ********************************************************************************
 196:Generated_Source\PSoC4/cyfitter_cfg.c **** *
 197:Generated_Source\PSoC4/cyfitter_cfg.c **** * Summary:
 198:Generated_Source\PSoC4/cyfitter_cfg.c **** *   Performs the initialization of all of the clocks in the device based on the
 199:Generated_Source\PSoC4/cyfitter_cfg.c **** *   settings in the Clock tab of the DWR.  This includes enabling the requested
 200:Generated_Source\PSoC4/cyfitter_cfg.c **** *   clocks and setting the necessary dividers to produce the desired frequency. 
 201:Generated_Source\PSoC4/cyfitter_cfg.c **** *
 202:Generated_Source\PSoC4/cyfitter_cfg.c **** * Parameters:
 203:Generated_Source\PSoC4/cyfitter_cfg.c **** *   void
 204:Generated_Source\PSoC4/cyfitter_cfg.c **** *
 205:Generated_Source\PSoC4/cyfitter_cfg.c **** * Return:
 206:Generated_Source\PSoC4/cyfitter_cfg.c **** *   void
 207:Generated_Source\PSoC4/cyfitter_cfg.c **** *
 208:Generated_Source\PSoC4/cyfitter_cfg.c **** *******************************************************************************/
 209:Generated_Source\PSoC4/cyfitter_cfg.c **** static void ClockSetup(void);
 210:Generated_Source\PSoC4/cyfitter_cfg.c **** CY_CFG_SECTION
 211:Generated_Source\PSoC4/cyfitter_cfg.c **** static void ClockSetup(void)
 212:Generated_Source\PSoC4/cyfitter_cfg.c **** {
 213:Generated_Source\PSoC4/cyfitter_cfg.c **** 
 214:Generated_Source\PSoC4/cyfitter_cfg.c **** 	/* Set Flash Cycles based on max possible frequency in case a glitch occurs during ClockSetup(). *
 215:Generated_Source\PSoC4/cyfitter_cfg.c **** 	CY_SET_REG32((void CYXDATA *)(CYREG_CPUSS_FLASH_CTL), (0x0012u));
 216:Generated_Source\PSoC4/cyfitter_cfg.c **** 	/* Setup and trim IMO based on desired frequency. */
 217:Generated_Source\PSoC4/cyfitter_cfg.c **** 	CySysClkWriteImoFreq(48u);
 218:Generated_Source\PSoC4/cyfitter_cfg.c **** 	/* CYDEV_CLK_ILO_CONFIG Starting address: CYDEV_CLK_ILO_CONFIG */
 219:Generated_Source\PSoC4/cyfitter_cfg.c **** 	CY_SET_REG32((void *)(CYREG_CLK_ILO_CONFIG), 0x80000006u);
 220:Generated_Source\PSoC4/cyfitter_cfg.c **** 
 221:Generated_Source\PSoC4/cyfitter_cfg.c **** 
 222:Generated_Source\PSoC4/cyfitter_cfg.c **** 	/* Setup phase aligned clocks */
 223:Generated_Source\PSoC4/cyfitter_cfg.c **** 	CY_SET_REG32((void *)CYREG_PERI_DIV_16_CTL0, 0x00000300u);
 224:Generated_Source\PSoC4/cyfitter_cfg.c **** 	CY_SET_REG32((void *)CYREG_PERI_DIV_CMD, 0x8000FF40u);
 225:Generated_Source\PSoC4/cyfitter_cfg.c **** 
 226:Generated_Source\PSoC4/cyfitter_cfg.c **** 	/* CYDEV_CLK_IMO_CONFIG Starting address: CYDEV_CLK_IMO_CONFIG */
 227:Generated_Source\PSoC4/cyfitter_cfg.c **** 	CY_SET_REG32((void *)(CYREG_CLK_IMO_CONFIG), 0x80000000u);
 228:Generated_Source\PSoC4/cyfitter_cfg.c **** 
 229:Generated_Source\PSoC4/cyfitter_cfg.c **** 	/* CYDEV_CLK_SELECT Starting address: CYDEV_CLK_SELECT */
 230:Generated_Source\PSoC4/cyfitter_cfg.c **** 	CY_SET_REG32((void *)(CYREG_CLK_SELECT), 0x00040000u);
 231:Generated_Source\PSoC4/cyfitter_cfg.c **** 
 232:Generated_Source\PSoC4/cyfitter_cfg.c **** 	(void)CyIntSetVector(7u, &CySysWdtIsr);
 233:Generated_Source\PSoC4/cyfitter_cfg.c **** 	CyIntEnable(7u);
 234:Generated_Source\PSoC4/cyfitter_cfg.c **** 	CY_SET_REG32((void *)(CYREG_WDT_CONFIG), 0x00000000u);
 235:Generated_Source\PSoC4/cyfitter_cfg.c **** }
 236:Generated_Source\PSoC4/cyfitter_cfg.c **** 
ARM GAS  C:\Users\Admin\AppData\Local\Temp\ccm7ahbP.s 			page 7


 237:Generated_Source\PSoC4/cyfitter_cfg.c **** 
 238:Generated_Source\PSoC4/cyfitter_cfg.c **** /* Analog API Functions */
 239:Generated_Source\PSoC4/cyfitter_cfg.c **** 
 240:Generated_Source\PSoC4/cyfitter_cfg.c **** 
 241:Generated_Source\PSoC4/cyfitter_cfg.c **** /*******************************************************************************
 242:Generated_Source\PSoC4/cyfitter_cfg.c **** * Function Name: AnalogSetDefault
 243:Generated_Source\PSoC4/cyfitter_cfg.c **** ********************************************************************************
 244:Generated_Source\PSoC4/cyfitter_cfg.c **** *
 245:Generated_Source\PSoC4/cyfitter_cfg.c **** * Summary:
 246:Generated_Source\PSoC4/cyfitter_cfg.c **** *  Sets up the analog portions of the chip to default values based on chip
 247:Generated_Source\PSoC4/cyfitter_cfg.c **** *  configuration options from the project.
 248:Generated_Source\PSoC4/cyfitter_cfg.c **** *
 249:Generated_Source\PSoC4/cyfitter_cfg.c **** * Parameters:
 250:Generated_Source\PSoC4/cyfitter_cfg.c **** *  void
 251:Generated_Source\PSoC4/cyfitter_cfg.c **** *
 252:Generated_Source\PSoC4/cyfitter_cfg.c **** * Return:
 253:Generated_Source\PSoC4/cyfitter_cfg.c **** *  void
 254:Generated_Source\PSoC4/cyfitter_cfg.c **** *
 255:Generated_Source\PSoC4/cyfitter_cfg.c **** *******************************************************************************/
 256:Generated_Source\PSoC4/cyfitter_cfg.c **** static void AnalogSetDefault(void);
 257:Generated_Source\PSoC4/cyfitter_cfg.c **** static void AnalogSetDefault(void)
 258:Generated_Source\PSoC4/cyfitter_cfg.c **** {
 104              		.loc 1 258 0
 105              		.cfi_startproc
 106              		@ args = 0, pretend = 0, frame = 0
 107              		@ frame_needed = 0, uses_anonymous_args = 0
 108              		@ link register save eliminated.
 259:Generated_Source\PSoC4/cyfitter_cfg.c **** 	CY_SET_XTND_REG32((void CYFAR *)CYREG_CTBM0_DFT_CTRL, 0x00000003u);
 109              		.loc 1 259 0
 110 0000 0323     		movs	r3, #3
 111 0002 044A     		ldr	r2, .L7
 112 0004 1360     		str	r3, [r2]
 260:Generated_Source\PSoC4/cyfitter_cfg.c **** 	CY_SET_XTND_REG32((void CYFAR *)CYREG_CTBM1_DFT_CTRL, 0x00000003u);
 113              		.loc 1 260 0
 114 0006 044A     		ldr	r2, .L7+4
 115 0008 1360     		str	r3, [r2]
 261:Generated_Source\PSoC4/cyfitter_cfg.c **** 	CY_SET_XTND_REG32((void CYFAR *)CYREG_PASS_DSAB_DSAB_CTRL, 0x00000000u);
 116              		.loc 1 261 0
 117 000a 0022     		movs	r2, #0
 118 000c 034B     		ldr	r3, .L7+8
 119 000e 1A60     		str	r2, [r3]
 262:Generated_Source\PSoC4/cyfitter_cfg.c **** }
 120              		.loc 1 262 0
 121              		@ sp needed
 122 0010 7047     		bx	lr
 123              	.L8:
 124 0012 C046     		.align	2
 125              	.L7:
 126 0014 30003040 		.word	1076887600
 127 0018 30003140 		.word	1076953136
 128 001c 000E3F40 		.word	1077874176
 129              		.cfi_endproc
 130              	.LFE6:
 131              		.size	AnalogSetDefault, .-AnalogSetDefault
 132              		.section	.text.CYMEMZERO,"ax",%progbits
 133              		.align	2
 134              		.code	16
ARM GAS  C:\Users\Admin\AppData\Local\Temp\ccm7ahbP.s 			page 8


 135              		.thumb_func
 136              		.type	CYMEMZERO, %function
 137              	CYMEMZERO:
 138              	.LFB1:
  77:Generated_Source\PSoC4/cyfitter_cfg.c **** 	(void)memset(s, 0, n);
 139              		.loc 1 77 0
 140              		.cfi_startproc
 141              		@ args = 0, pretend = 0, frame = 0
 142              		@ frame_needed = 0, uses_anonymous_args = 0
 143              	.LVL12:
 144 0000 10B5     		push	{r4, lr}
 145              		.cfi_def_cfa_offset 8
 146              		.cfi_offset 4, -8
 147              		.cfi_offset 14, -4
 148 0002 0A00     		movs	r2, r1
  78:Generated_Source\PSoC4/cyfitter_cfg.c **** }
 149              		.loc 1 78 0
 150 0004 0021     		movs	r1, #0
 151              	.LVL13:
 152 0006 FFF7FEFF 		bl	memset
 153              	.LVL14:
  79:Generated_Source\PSoC4/cyfitter_cfg.c **** CY_CFG_UNUSED
 154              		.loc 1 79 0
 155              		@ sp needed
 156 000a 10BD     		pop	{r4, pc}
 157              		.cfi_endproc
 158              	.LFE1:
 159              		.size	CYMEMZERO, .-CYMEMZERO
 160              		.section	.psocinit,"ax",%progbits
 161              		.align	2
 162              		.code	16
 163              		.thumb_func
 164              		.type	ClockSetup, %function
 165              	ClockSetup:
 166              	.LFB5:
 212:Generated_Source\PSoC4/cyfitter_cfg.c **** 
 167              		.loc 1 212 0
 168              		.cfi_startproc
 169              		@ args = 0, pretend = 0, frame = 0
 170              		@ frame_needed = 0, uses_anonymous_args = 0
 171 0000 10B5     		push	{r4, lr}
 172              		.cfi_def_cfa_offset 8
 173              		.cfi_offset 4, -8
 174              		.cfi_offset 14, -4
 215:Generated_Source\PSoC4/cyfitter_cfg.c **** 	/* Setup and trim IMO based on desired frequency. */
 175              		.loc 1 215 0
 176 0002 1222     		movs	r2, #18
 177 0004 104B     		ldr	r3, .L11
 178 0006 1A60     		str	r2, [r3]
 217:Generated_Source\PSoC4/cyfitter_cfg.c **** 	/* CYDEV_CLK_ILO_CONFIG Starting address: CYDEV_CLK_ILO_CONFIG */
 179              		.loc 1 217 0
 180 0008 3020     		movs	r0, #48
 181 000a FFF7FEFF 		bl	CySysClkWriteImoFreq
 182              	.LVL15:
 219:Generated_Source\PSoC4/cyfitter_cfg.c **** 
 183              		.loc 1 219 0
 184 000e 0F4A     		ldr	r2, .L11+4
ARM GAS  C:\Users\Admin\AppData\Local\Temp\ccm7ahbP.s 			page 9


 185 0010 0F4B     		ldr	r3, .L11+8
 186 0012 1A60     		str	r2, [r3]
 223:Generated_Source\PSoC4/cyfitter_cfg.c **** 	CY_SET_REG32((void *)CYREG_PERI_DIV_CMD, 0x8000FF40u);
 187              		.loc 1 223 0
 188 0014 C022     		movs	r2, #192
 189 0016 9200     		lsls	r2, r2, #2
 190 0018 0E4B     		ldr	r3, .L11+12
 191 001a 1A60     		str	r2, [r3]
 224:Generated_Source\PSoC4/cyfitter_cfg.c **** 
 192              		.loc 1 224 0
 193 001c 0E4A     		ldr	r2, .L11+16
 194 001e 0F4B     		ldr	r3, .L11+20
 195 0020 1A60     		str	r2, [r3]
 227:Generated_Source\PSoC4/cyfitter_cfg.c **** 
 196              		.loc 1 227 0
 197 0022 8022     		movs	r2, #128
 198 0024 1206     		lsls	r2, r2, #24
 199 0026 0E4B     		ldr	r3, .L11+24
 200 0028 1A60     		str	r2, [r3]
 230:Generated_Source\PSoC4/cyfitter_cfg.c **** 
 201              		.loc 1 230 0
 202 002a 8022     		movs	r2, #128
 203 002c D202     		lsls	r2, r2, #11
 204 002e 0D4B     		ldr	r3, .L11+28
 205 0030 1A60     		str	r2, [r3]
 232:Generated_Source\PSoC4/cyfitter_cfg.c **** 	CyIntEnable(7u);
 206              		.loc 1 232 0
 207 0032 0D49     		ldr	r1, .L11+32
 208 0034 0720     		movs	r0, #7
 209 0036 FFF7FEFF 		bl	CyIntSetVector
 210              	.LVL16:
 233:Generated_Source\PSoC4/cyfitter_cfg.c **** 	CY_SET_REG32((void *)(CYREG_WDT_CONFIG), 0x00000000u);
 211              		.loc 1 233 0
 212 003a 0720     		movs	r0, #7
 213 003c FFF7FEFF 		bl	CyIntEnable
 214              	.LVL17:
 234:Generated_Source\PSoC4/cyfitter_cfg.c **** }
 215              		.loc 1 234 0
 216 0040 0022     		movs	r2, #0
 217 0042 0A4B     		ldr	r3, .L11+36
 218 0044 1A60     		str	r2, [r3]
 235:Generated_Source\PSoC4/cyfitter_cfg.c **** 
 219              		.loc 1 235 0
 220              		@ sp needed
 221 0046 10BD     		pop	{r4, pc}
 222              	.L12:
 223              		.align	2
 224              	.L11:
 225 0048 30001040 		.word	1074790448
 226 004c 06000080 		.word	-2147483642
 227 0050 04010B40 		.word	1074462980
 228 0054 00030140 		.word	1073808128
 229 0058 40FF0080 		.word	-2147418304
 230 005c 00000140 		.word	1073807360
 231 0060 08010B40 		.word	1074462984
 232 0064 00010B40 		.word	1074462976
 233 0068 00000000 		.word	CySysWdtIsr
ARM GAS  C:\Users\Admin\AppData\Local\Temp\ccm7ahbP.s 			page 10


 234 006c 0C020B40 		.word	1074463244
 235              		.cfi_endproc
 236              	.LFE5:
 237              		.size	ClockSetup, .-ClockSetup
 238              		.align	2
 239              		.global	cyfitter_cfg
 240              		.code	16
 241              		.thumb_func
 242              		.type	cyfitter_cfg, %function
 243              	cyfitter_cfg:
 244              	.LFB7:
 263:Generated_Source\PSoC4/cyfitter_cfg.c **** 
 264:Generated_Source\PSoC4/cyfitter_cfg.c **** 
 265:Generated_Source\PSoC4/cyfitter_cfg.c **** 
 266:Generated_Source\PSoC4/cyfitter_cfg.c **** 
 267:Generated_Source\PSoC4/cyfitter_cfg.c **** /*******************************************************************************
 268:Generated_Source\PSoC4/cyfitter_cfg.c **** * Function Name: cyfitter_cfg
 269:Generated_Source\PSoC4/cyfitter_cfg.c **** ********************************************************************************
 270:Generated_Source\PSoC4/cyfitter_cfg.c **** * Summary:
 271:Generated_Source\PSoC4/cyfitter_cfg.c **** *  This function is called by the start-up code for the selected device. It
 272:Generated_Source\PSoC4/cyfitter_cfg.c **** *  performs all of the necessary device configuration based on the design
 273:Generated_Source\PSoC4/cyfitter_cfg.c **** *  settings.  This includes settings from the Design Wide Resources (DWR) such
 274:Generated_Source\PSoC4/cyfitter_cfg.c **** *  as Clocks and Pins as well as any component configuration that is necessary.
 275:Generated_Source\PSoC4/cyfitter_cfg.c **** *
 276:Generated_Source\PSoC4/cyfitter_cfg.c **** * Parameters:
 277:Generated_Source\PSoC4/cyfitter_cfg.c **** *   void
 278:Generated_Source\PSoC4/cyfitter_cfg.c **** *
 279:Generated_Source\PSoC4/cyfitter_cfg.c **** * Return:
 280:Generated_Source\PSoC4/cyfitter_cfg.c **** *   void
 281:Generated_Source\PSoC4/cyfitter_cfg.c **** *
 282:Generated_Source\PSoC4/cyfitter_cfg.c **** *******************************************************************************/
 283:Generated_Source\PSoC4/cyfitter_cfg.c **** CY_CFG_SECTION
 284:Generated_Source\PSoC4/cyfitter_cfg.c **** void cyfitter_cfg(void)
 285:Generated_Source\PSoC4/cyfitter_cfg.c **** {
 245              		.loc 1 285 0
 246              		.cfi_startproc
 247              		@ args = 0, pretend = 0, frame = 0
 248              		@ frame_needed = 0, uses_anonymous_args = 0
 249 0070 10B5     		push	{r4, lr}
 250              		.cfi_def_cfa_offset 8
 251              		.cfi_offset 4, -8
 252              		.cfi_offset 14, -4
 286:Generated_Source\PSoC4/cyfitter_cfg.c **** 	/* Disable interrupts by default. Let user enable if/when they want. */
 287:Generated_Source\PSoC4/cyfitter_cfg.c **** 	CyGlobalIntDisable;
 253              		.loc 1 287 0
 254              		.syntax divided
 255              	@ 287 "Generated_Source\PSoC4\cyfitter_cfg.c" 1
 256 0072 72B6     		CPSID   i
 257              	@ 0 "" 2
 258              	.LVL18:
 259              		.thumb
 260              		.syntax unified
 261              	.LBB3:
 288:Generated_Source\PSoC4/cyfitter_cfg.c **** 
 289:Generated_Source\PSoC4/cyfitter_cfg.c **** 	{
 290:Generated_Source\PSoC4/cyfitter_cfg.c **** 		static const uint32 CYCODE cy_cfg_addr_table[] = {
 291:Generated_Source\PSoC4/cyfitter_cfg.c **** 			0x400F3202u, /* Base address: 0x400F3200 Count: 2 */
ARM GAS  C:\Users\Admin\AppData\Local\Temp\ccm7ahbP.s 			page 11


 292:Generated_Source\PSoC4/cyfitter_cfg.c **** 			0x400F330Cu, /* Base address: 0x400F3300 Count: 12 */
 293:Generated_Source\PSoC4/cyfitter_cfg.c **** 			0x400F4002u, /* Base address: 0x400F4000 Count: 2 */
 294:Generated_Source\PSoC4/cyfitter_cfg.c **** 			0x400F410Au, /* Base address: 0x400F4100 Count: 10 */
 295:Generated_Source\PSoC4/cyfitter_cfg.c **** 		};
 296:Generated_Source\PSoC4/cyfitter_cfg.c **** 
 297:Generated_Source\PSoC4/cyfitter_cfg.c **** 		static const cy_cfg_addrvalue_t CYCODE cy_cfg_data_table[] = {
 298:Generated_Source\PSoC4/cyfitter_cfg.c **** 			{0x5Bu, 0x04u},
 299:Generated_Source\PSoC4/cyfitter_cfg.c **** 			{0x5Fu, 0x01u},
 300:Generated_Source\PSoC4/cyfitter_cfg.c **** 			{0x5Eu, 0x81u},
 301:Generated_Source\PSoC4/cyfitter_cfg.c **** 			{0x5Fu, 0x28u},
 302:Generated_Source\PSoC4/cyfitter_cfg.c **** 			{0x64u, 0x02u},
 303:Generated_Source\PSoC4/cyfitter_cfg.c **** 			{0x83u, 0x08u},
 304:Generated_Source\PSoC4/cyfitter_cfg.c **** 			{0x86u, 0x01u},
 305:Generated_Source\PSoC4/cyfitter_cfg.c **** 			{0x87u, 0x20u},
 306:Generated_Source\PSoC4/cyfitter_cfg.c **** 			{0x88u, 0x02u},
 307:Generated_Source\PSoC4/cyfitter_cfg.c **** 			{0xA2u, 0x40u},
 308:Generated_Source\PSoC4/cyfitter_cfg.c **** 			{0xAEu, 0x40u},
 309:Generated_Source\PSoC4/cyfitter_cfg.c **** 			{0xD6u, 0xF0u},
 310:Generated_Source\PSoC4/cyfitter_cfg.c **** 			{0xD8u, 0x10u},
 311:Generated_Source\PSoC4/cyfitter_cfg.c **** 			{0xE0u, 0x20u},
 312:Generated_Source\PSoC4/cyfitter_cfg.c **** 			{0x0Du, 0x80u},
 313:Generated_Source\PSoC4/cyfitter_cfg.c **** 			{0xC2u, 0x80u},
 314:Generated_Source\PSoC4/cyfitter_cfg.c **** 			{0x02u, 0x18u},
 315:Generated_Source\PSoC4/cyfitter_cfg.c **** 			{0x05u, 0x20u},
 316:Generated_Source\PSoC4/cyfitter_cfg.c **** 			{0x07u, 0x10u},
 317:Generated_Source\PSoC4/cyfitter_cfg.c **** 			{0x83u, 0x10u},
 318:Generated_Source\PSoC4/cyfitter_cfg.c **** 			{0x86u, 0x18u},
 319:Generated_Source\PSoC4/cyfitter_cfg.c **** 			{0x89u, 0x20u},
 320:Generated_Source\PSoC4/cyfitter_cfg.c **** 			{0xADu, 0x80u},
 321:Generated_Source\PSoC4/cyfitter_cfg.c **** 			{0xC0u, 0xF0u},
 322:Generated_Source\PSoC4/cyfitter_cfg.c **** 			{0xE0u, 0x70u},
 323:Generated_Source\PSoC4/cyfitter_cfg.c **** 			{0xECu, 0x40u},
 324:Generated_Source\PSoC4/cyfitter_cfg.c **** 		};
 325:Generated_Source\PSoC4/cyfitter_cfg.c **** 
 326:Generated_Source\PSoC4/cyfitter_cfg.c **** 
 327:Generated_Source\PSoC4/cyfitter_cfg.c **** 
 328:Generated_Source\PSoC4/cyfitter_cfg.c **** 		CYPACKED typedef struct {
 329:Generated_Source\PSoC4/cyfitter_cfg.c **** 			void CYFAR *address;
 330:Generated_Source\PSoC4/cyfitter_cfg.c **** 			uint16 size;
 331:Generated_Source\PSoC4/cyfitter_cfg.c **** 		} CYPACKED_ATTR cfg_memset_t;
 332:Generated_Source\PSoC4/cyfitter_cfg.c **** 
 333:Generated_Source\PSoC4/cyfitter_cfg.c **** 		static const cfg_memset_t CYCODE cfg_memset_list[] = {
 334:Generated_Source\PSoC4/cyfitter_cfg.c **** 			/* address, size */
 335:Generated_Source\PSoC4/cyfitter_cfg.c **** 			{(void CYFAR *)(CYDEV_UDB_P0_U0_BASE), 1024u},
 336:Generated_Source\PSoC4/cyfitter_cfg.c **** 			{(void CYFAR *)(CYDEV_UDB_DSI0_BASE), 1024u},
 337:Generated_Source\PSoC4/cyfitter_cfg.c **** 		};
 338:Generated_Source\PSoC4/cyfitter_cfg.c **** 
 339:Generated_Source\PSoC4/cyfitter_cfg.c **** 		uint8 CYDATA i;
 340:Generated_Source\PSoC4/cyfitter_cfg.c **** 
 341:Generated_Source\PSoC4/cyfitter_cfg.c **** 		/* Zero out critical memory blocks before beginning configuration */
 342:Generated_Source\PSoC4/cyfitter_cfg.c **** 		for (i = 0u; i < (sizeof(cfg_memset_list)/sizeof(cfg_memset_list[0])); i++)
 262              		.loc 1 342 0
 263 0074 0024     		movs	r4, #0
 264 0076 0FE0     		b	.L14
 265              	.LVL19:
 266              	.L15:
 267              	.LBB4:
ARM GAS  C:\Users\Admin\AppData\Local\Temp\ccm7ahbP.s 			page 12


 343:Generated_Source\PSoC4/cyfitter_cfg.c **** 		{
 344:Generated_Source\PSoC4/cyfitter_cfg.c **** 			const cfg_memset_t CYCODE * CYDATA ms = &cfg_memset_list[i];
 345:Generated_Source\PSoC4/cyfitter_cfg.c **** 			CYMEMZERO(ms->address, (size_t)(uint32)(ms->size));
 268              		.loc 1 345 0 discriminator 3
 269 0078 2348     		ldr	r0, .L16
 270 007a 6200     		lsls	r2, r4, #1
 271 007c 1319     		adds	r3, r2, r4
 272 007e 5900     		lsls	r1, r3, #1
 273 0080 0B00     		movs	r3, r1
 274 0082 4118     		adds	r1, r0, r1
 275 0084 8988     		ldrh	r1, [r1, #4]
 276 0086 1A5A     		ldrh	r2, [r3, r0]
 277 0088 C318     		adds	r3, r0, r3
 278 008a 5888     		ldrh	r0, [r3, #2]
 279 008c 0004     		lsls	r0, r0, #16
 280 008e 1043     		orrs	r0, r2
 281 0090 FFF7FEFF 		bl	CYMEMZERO
 282              	.LVL20:
 283              	.LBE4:
 342:Generated_Source\PSoC4/cyfitter_cfg.c **** 		{
 284              		.loc 1 342 0 discriminator 3
 285 0094 0134     		adds	r4, r4, #1
 286              	.LVL21:
 287 0096 E4B2     		uxtb	r4, r4
 288              	.LVL22:
 289              	.L14:
 342:Generated_Source\PSoC4/cyfitter_cfg.c **** 		{
 290              		.loc 1 342 0 is_stmt 0 discriminator 1
 291 0098 012C     		cmp	r4, #1
 292 009a EDD9     		bls	.L15
 346:Generated_Source\PSoC4/cyfitter_cfg.c **** 		}
 347:Generated_Source\PSoC4/cyfitter_cfg.c **** 
 348:Generated_Source\PSoC4/cyfitter_cfg.c **** 		cfg_write_bytes32(cy_cfg_addr_table, cy_cfg_data_table);
 293              		.loc 1 348 0 is_stmt 1
 294 009c 1A48     		ldr	r0, .L16
 295 009e 0100     		movs	r1, r0
 296 00a0 0C31     		adds	r1, r1, #12
 297 00a2 4030     		adds	r0, r0, #64
 298 00a4 FFF7FEFF 		bl	cfg_write_bytes32
 299              	.LVL23:
 349:Generated_Source\PSoC4/cyfitter_cfg.c **** 
 350:Generated_Source\PSoC4/cyfitter_cfg.c **** 		/* HSIOM Starting address: CYDEV_HSIOM_BASE */
 351:Generated_Source\PSoC4/cyfitter_cfg.c **** 		CY_SET_REG32((void *)(CYREG_HSIOM_PORT_SEL3), 0x0000EE00u);
 300              		.loc 1 351 0
 301 00a8 EE22     		movs	r2, #238
 302 00aa 1202     		lsls	r2, r2, #8
 303 00ac 174B     		ldr	r3, .L16+4
 304 00ae 1A60     		str	r2, [r3]
 352:Generated_Source\PSoC4/cyfitter_cfg.c **** 
 353:Generated_Source\PSoC4/cyfitter_cfg.c **** 		/* UDB_PA_0 Starting address: CYDEV_UDB_PA0_BASE */
 354:Generated_Source\PSoC4/cyfitter_cfg.c **** 		CY_SET_REG32((void *)(CYDEV_UDB_PA0_BASE), 0x00990000u);
 305              		.loc 1 354 0
 306 00b0 9923     		movs	r3, #153
 307 00b2 1B04     		lsls	r3, r3, #16
 308 00b4 164A     		ldr	r2, .L16+8
 309 00b6 1360     		str	r3, [r2]
 355:Generated_Source\PSoC4/cyfitter_cfg.c **** 
ARM GAS  C:\Users\Admin\AppData\Local\Temp\ccm7ahbP.s 			page 13


 356:Generated_Source\PSoC4/cyfitter_cfg.c **** 		/* UDB_PA_1 Starting address: CYDEV_UDB_PA1_BASE */
 357:Generated_Source\PSoC4/cyfitter_cfg.c **** 		CY_SET_REG32((void *)(CYDEV_UDB_PA1_BASE), 0x00990000u);
 310              		.loc 1 357 0
 311 00b8 164A     		ldr	r2, .L16+12
 312 00ba 1360     		str	r3, [r2]
 358:Generated_Source\PSoC4/cyfitter_cfg.c **** 
 359:Generated_Source\PSoC4/cyfitter_cfg.c **** 		/* UDB_PA_3 Starting address: CYDEV_UDB_PA3_BASE */
 360:Generated_Source\PSoC4/cyfitter_cfg.c **** 		CY_SET_REG32((void *)(CYDEV_UDB_PA3_BASE), 0x00990000u);
 313              		.loc 1 360 0
 314 00bc 164A     		ldr	r2, .L16+16
 315 00be 1360     		str	r3, [r2]
 361:Generated_Source\PSoC4/cyfitter_cfg.c **** 
 362:Generated_Source\PSoC4/cyfitter_cfg.c **** 		/* Enable UDB array and digital routing */
 363:Generated_Source\PSoC4/cyfitter_cfg.c **** 		CY_SET_XTND_REG8((void *)CYREG_UDB_UDBIF_WAIT_CFG, (uint8)((CY_GET_XTND_REG8((void *)CYREG_UDB_UD
 316              		.loc 1 363 0
 317 00c0 1649     		ldr	r1, .L16+20
 318 00c2 0B78     		ldrb	r3, [r1]
 319 00c4 3C22     		movs	r2, #60
 320 00c6 9343     		bics	r3, r2
 321 00c8 1422     		movs	r2, #20
 322 00ca 1343     		orrs	r3, r2
 323 00cc DBB2     		uxtb	r3, r3
 324 00ce 0B70     		strb	r3, [r1]
 364:Generated_Source\PSoC4/cyfitter_cfg.c **** 		CY_SET_XTND_REG8((void *)CYREG_UDB_UDBIF_BANK_CTL, (uint8)(CY_GET_XTND_REG8((void *)CYREG_UDB_UDB
 325              		.loc 1 364 0
 326 00d0 134A     		ldr	r2, .L16+24
 327 00d2 1178     		ldrb	r1, [r2]
 328 00d4 1623     		movs	r3, #22
 329 00d6 0B43     		orrs	r3, r1
 330 00d8 DBB2     		uxtb	r3, r3
 331 00da 1370     		strb	r3, [r2]
 332              	.LBE3:
 365:Generated_Source\PSoC4/cyfitter_cfg.c **** 	}
 366:Generated_Source\PSoC4/cyfitter_cfg.c **** 
 367:Generated_Source\PSoC4/cyfitter_cfg.c **** 	/* Perform second pass device configuration. These items must be configured in specific order afte
 368:Generated_Source\PSoC4/cyfitter_cfg.c **** 	/* IOPINS0_0 Starting address: CYDEV_GPIO_PRT0_BASE */
 369:Generated_Source\PSoC4/cyfitter_cfg.c **** 	CY_SET_REG32((void *)(CYDEV_GPIO_PRT0_BASE), 0x00000080u);
 333              		.loc 1 369 0
 334 00dc 8022     		movs	r2, #128
 335 00de 114B     		ldr	r3, .L16+28
 336 00e0 1A60     		str	r2, [r3]
 370:Generated_Source\PSoC4/cyfitter_cfg.c **** 	CY_SET_REG32((void *)(CYREG_GPIO_PRT0_PC), 0x00400000u);
 337              		.loc 1 370 0
 338 00e2 8022     		movs	r2, #128
 339 00e4 D203     		lsls	r2, r2, #15
 340 00e6 104B     		ldr	r3, .L16+32
 341 00e8 1A60     		str	r2, [r3]
 371:Generated_Source\PSoC4/cyfitter_cfg.c **** 
 372:Generated_Source\PSoC4/cyfitter_cfg.c **** 	/* IOPINS0_1 Starting address: CYDEV_GPIO_PRT1_BASE */
 373:Generated_Source\PSoC4/cyfitter_cfg.c **** 	CY_SET_REG32((void *)(CYDEV_GPIO_PRT1_BASE), 0x0000000Fu);
 342              		.loc 1 373 0
 343 00ea 0F22     		movs	r2, #15
 344 00ec 0F4B     		ldr	r3, .L16+36
 345 00ee 1A60     		str	r2, [r3]
 374:Generated_Source\PSoC4/cyfitter_cfg.c **** 	CY_SET_REG32((void *)(CYREG_GPIO_PRT1_PC), 0x00180492u);
 346              		.loc 1 374 0
 347 00f0 0F4A     		ldr	r2, .L16+40
ARM GAS  C:\Users\Admin\AppData\Local\Temp\ccm7ahbP.s 			page 14


 348 00f2 104B     		ldr	r3, .L16+44
 349 00f4 1A60     		str	r2, [r3]
 375:Generated_Source\PSoC4/cyfitter_cfg.c **** 
 376:Generated_Source\PSoC4/cyfitter_cfg.c **** 	/* IOPINS0_3 Starting address: CYDEV_GPIO_PRT3_BASE */
 377:Generated_Source\PSoC4/cyfitter_cfg.c **** 	CY_SET_REG32((void *)(CYREG_GPIO_PRT3_PC), 0x00000D80u);
 350              		.loc 1 377 0
 351 00f6 D822     		movs	r2, #216
 352 00f8 1201     		lsls	r2, r2, #4
 353 00fa 0F4B     		ldr	r3, .L16+48
 354 00fc 1A60     		str	r2, [r3]
 378:Generated_Source\PSoC4/cyfitter_cfg.c **** 
 379:Generated_Source\PSoC4/cyfitter_cfg.c **** 
 380:Generated_Source\PSoC4/cyfitter_cfg.c **** 	/* Setup clocks based on selections from Clock DWR */
 381:Generated_Source\PSoC4/cyfitter_cfg.c **** 	ClockSetup();
 355              		.loc 1 381 0
 356 00fe FFF77FFF 		bl	ClockSetup
 357              	.LVL24:
 382:Generated_Source\PSoC4/cyfitter_cfg.c **** 
 383:Generated_Source\PSoC4/cyfitter_cfg.c **** 	/* Perform basic analog initialization to defaults */
 384:Generated_Source\PSoC4/cyfitter_cfg.c **** 	AnalogSetDefault();
 358              		.loc 1 384 0
 359 0102 FFF7FEFF 		bl	AnalogSetDefault
 360              	.LVL25:
 385:Generated_Source\PSoC4/cyfitter_cfg.c **** 
 386:Generated_Source\PSoC4/cyfitter_cfg.c **** }
 361              		.loc 1 386 0
 362              		@ sp needed
 363              	.LVL26:
 364 0106 10BD     		pop	{r4, pc}
 365              	.L17:
 366              		.align	2
 367              	.L16:
 368 0108 00000000 		.word	.LANCHOR0
 369 010c 00030240 		.word	1073873664
 370 0110 00500F40 		.word	1074745344
 371 0114 10500F40 		.word	1074745360
 372 0118 30500F40 		.word	1074745392
 373 011c 01700F40 		.word	1074753537
 374 0120 00700F40 		.word	1074753536
 375 0124 00000440 		.word	1074003968
 376 0128 08000440 		.word	1074003976
 377 012c 00010440 		.word	1074004224
 378 0130 92041800 		.word	1574034
 379 0134 08010440 		.word	1074004232
 380 0138 08030440 		.word	1074004744
 381              		.cfi_endproc
 382              	.LFE7:
 383              		.size	cyfitter_cfg, .-cyfitter_cfg
 384              		.section	.rodata
 385              		.align	2
 386              		.set	.LANCHOR0,. + 0
 387              		.type	cfg_memset_list.4911, %object
 388              		.size	cfg_memset_list.4911, 12
 389              	cfg_memset_list.4911:
 390 0000 00300F40 		.word	1074737152
 391 0004 0004     		.short	1024
 392 0006 00400F40 		.4byte	1074741248
ARM GAS  C:\Users\Admin\AppData\Local\Temp\ccm7ahbP.s 			page 15


 393 000a 0004     		.short	1024
 394              		.type	cy_cfg_data_table.4906, %object
 395              		.size	cy_cfg_data_table.4906, 52
 396              	cy_cfg_data_table.4906:
 397 000c 5B       		.byte	91
 398 000d 04       		.byte	4
 399 000e 5F       		.byte	95
 400 000f 01       		.byte	1
 401 0010 5E       		.byte	94
 402 0011 81       		.byte	-127
 403 0012 5F       		.byte	95
 404 0013 28       		.byte	40
 405 0014 64       		.byte	100
 406 0015 02       		.byte	2
 407 0016 83       		.byte	-125
 408 0017 08       		.byte	8
 409 0018 86       		.byte	-122
 410 0019 01       		.byte	1
 411 001a 87       		.byte	-121
 412 001b 20       		.byte	32
 413 001c 88       		.byte	-120
 414 001d 02       		.byte	2
 415 001e A2       		.byte	-94
 416 001f 40       		.byte	64
 417 0020 AE       		.byte	-82
 418 0021 40       		.byte	64
 419 0022 D6       		.byte	-42
 420 0023 F0       		.byte	-16
 421 0024 D8       		.byte	-40
 422 0025 10       		.byte	16
 423 0026 E0       		.byte	-32
 424 0027 20       		.byte	32
 425 0028 0D       		.byte	13
 426 0029 80       		.byte	-128
 427 002a C2       		.byte	-62
 428 002b 80       		.byte	-128
 429 002c 02       		.byte	2
 430 002d 18       		.byte	24
 431 002e 05       		.byte	5
 432 002f 20       		.byte	32
 433 0030 07       		.byte	7
 434 0031 10       		.byte	16
 435 0032 83       		.byte	-125
 436 0033 10       		.byte	16
 437 0034 86       		.byte	-122
 438 0035 18       		.byte	24
 439 0036 89       		.byte	-119
 440 0037 20       		.byte	32
 441 0038 AD       		.byte	-83
 442 0039 80       		.byte	-128
 443 003a C0       		.byte	-64
 444 003b F0       		.byte	-16
 445 003c E0       		.byte	-32
 446 003d 70       		.byte	112
 447 003e EC       		.byte	-20
 448 003f 40       		.byte	64
 449              		.type	cy_cfg_addr_table.4905, %object
ARM GAS  C:\Users\Admin\AppData\Local\Temp\ccm7ahbP.s 			page 16


 450              		.size	cy_cfg_addr_table.4905, 16
 451              	cy_cfg_addr_table.4905:
 452 0040 02320F40 		.word	1074737666
 453 0044 0C330F40 		.word	1074737932
 454 0048 02400F40 		.word	1074741250
 455 004c 0A410F40 		.word	1074741514
 456              		.text
 457              	.Letext0:
 458              		.file 2 "c:\\program files (x86)\\cypress\\psoc creator\\4.4\\psoc creator\\import\\gnu\\arm\\5.4.
 459              		.file 3 "Generated_Source\\PSoC4\\cytypes.h"
 460              		.file 4 "Generated_Source\\PSoC4\\CyLib.h"
 461              		.section	.debug_info,"",%progbits
 462              	.Ldebug_info0:
 463 0000 B8030000 		.4byte	0x3b8
 464 0004 0400     		.2byte	0x4
 465 0006 00000000 		.4byte	.Ldebug_abbrev0
 466 000a 04       		.byte	0x4
 467 000b 01       		.uleb128 0x1
 468 000c 94010000 		.4byte	.LASF39
 469 0010 0C       		.byte	0xc
 470 0011 C1020000 		.4byte	.LASF40
 471 0015 88000000 		.4byte	.LASF41
 472 0019 00000000 		.4byte	.Ldebug_ranges0+0
 473 001d 00000000 		.4byte	0
 474 0021 00000000 		.4byte	.Ldebug_line0
 475 0025 02       		.uleb128 0x2
 476 0026 04       		.byte	0x4
 477 0027 05       		.byte	0x5
 478 0028 696E7400 		.ascii	"int\000"
 479 002c 03       		.uleb128 0x3
 480 002d 06000000 		.4byte	.LASF12
 481 0031 02       		.byte	0x2
 482 0032 D8       		.byte	0xd8
 483 0033 37000000 		.4byte	0x37
 484 0037 04       		.uleb128 0x4
 485 0038 04       		.byte	0x4
 486 0039 07       		.byte	0x7
 487 003a 5B010000 		.4byte	.LASF0
 488 003e 04       		.uleb128 0x4
 489 003f 08       		.byte	0x8
 490 0040 05       		.byte	0x5
 491 0041 54020000 		.4byte	.LASF1
 492 0045 04       		.uleb128 0x4
 493 0046 08       		.byte	0x8
 494 0047 04       		.byte	0x4
 495 0048 A9020000 		.4byte	.LASF2
 496 004c 04       		.uleb128 0x4
 497 004d 01       		.byte	0x1
 498 004e 06       		.byte	0x6
 499 004f B5020000 		.4byte	.LASF3
 500 0053 04       		.uleb128 0x4
 501 0054 01       		.byte	0x1
 502 0055 08       		.byte	0x8
 503 0056 FD000000 		.4byte	.LASF4
 504 005a 04       		.uleb128 0x4
 505 005b 02       		.byte	0x2
 506 005c 05       		.byte	0x5
ARM GAS  C:\Users\Admin\AppData\Local\Temp\ccm7ahbP.s 			page 17


 507 005d 81020000 		.4byte	.LASF5
 508 0061 04       		.uleb128 0x4
 509 0062 02       		.byte	0x2
 510 0063 07       		.byte	0x7
 511 0064 41020000 		.4byte	.LASF6
 512 0068 04       		.uleb128 0x4
 513 0069 04       		.byte	0x4
 514 006a 05       		.byte	0x5
 515 006b A0020000 		.4byte	.LASF7
 516 006f 04       		.uleb128 0x4
 517 0070 04       		.byte	0x4
 518 0071 07       		.byte	0x7
 519 0072 DB000000 		.4byte	.LASF8
 520 0076 04       		.uleb128 0x4
 521 0077 08       		.byte	0x8
 522 0078 07       		.byte	0x7
 523 0079 7D010000 		.4byte	.LASF9
 524 007d 04       		.uleb128 0x4
 525 007e 04       		.byte	0x4
 526 007f 07       		.byte	0x7
 527 0080 38020000 		.4byte	.LASF10
 528 0084 05       		.uleb128 0x5
 529 0085 04       		.byte	0x4
 530 0086 04       		.uleb128 0x4
 531 0087 01       		.byte	0x1
 532 0088 08       		.byte	0x8
 533 0089 62020000 		.4byte	.LASF11
 534 008d 06       		.uleb128 0x6
 535 008e ED000000 		.4byte	.LASF13
 536 0092 03       		.byte	0x3
 537 0093 FC01     		.2byte	0x1fc
 538 0095 53000000 		.4byte	0x53
 539 0099 06       		.uleb128 0x6
 540 009a 42010000 		.4byte	.LASF14
 541 009e 03       		.byte	0x3
 542 009f FD01     		.2byte	0x1fd
 543 00a1 61000000 		.4byte	0x61
 544 00a5 06       		.uleb128 0x6
 545 00a6 54010000 		.4byte	.LASF15
 546 00aa 03       		.byte	0x3
 547 00ab FE01     		.2byte	0x1fe
 548 00ad 6F000000 		.4byte	0x6f
 549 00b1 04       		.uleb128 0x4
 550 00b2 04       		.byte	0x4
 551 00b3 04       		.byte	0x4
 552 00b4 68000000 		.4byte	.LASF16
 553 00b8 04       		.uleb128 0x4
 554 00b9 08       		.byte	0x8
 555 00ba 04       		.byte	0x4
 556 00bb 12010000 		.4byte	.LASF17
 557 00bf 06       		.uleb128 0x6
 558 00c0 83000000 		.4byte	.LASF18
 559 00c4 03       		.byte	0x3
 560 00c5 A602     		.2byte	0x2a6
 561 00c7 CB000000 		.4byte	0xcb
 562 00cb 07       		.uleb128 0x7
 563 00cc 8D000000 		.4byte	0x8d
ARM GAS  C:\Users\Admin\AppData\Local\Temp\ccm7ahbP.s 			page 18


 564 00d0 06       		.uleb128 0x6
 565 00d1 00000000 		.4byte	.LASF19
 566 00d5 03       		.byte	0x3
 567 00d6 A802     		.2byte	0x2a8
 568 00d8 DC000000 		.4byte	0xdc
 569 00dc 07       		.uleb128 0x7
 570 00dd A5000000 		.4byte	0xa5
 571 00e1 08       		.uleb128 0x8
 572 00e2 02       		.byte	0x2
 573 00e3 01       		.byte	0x1
 574 00e4 97       		.byte	0x97
 575 00e5 02010000 		.4byte	0x102
 576 00e9 09       		.uleb128 0x9
 577 00ea 7A020000 		.4byte	.LASF20
 578 00ee 01       		.byte	0x1
 579 00ef 99       		.byte	0x99
 580 00f0 8D000000 		.4byte	0x8d
 581 00f4 00       		.byte	0
 582 00f5 09       		.uleb128 0x9
 583 00f6 2D000000 		.4byte	.LASF21
 584 00fa 01       		.byte	0x1
 585 00fb 9A       		.byte	0x9a
 586 00fc 8D000000 		.4byte	0x8d
 587 0100 01       		.byte	0x1
 588 0101 00       		.byte	0
 589 0102 03       		.uleb128 0x3
 590 0103 67020000 		.4byte	.LASF22
 591 0107 01       		.byte	0x1
 592 0108 9B       		.byte	0x9b
 593 0109 E1000000 		.4byte	0xe1
 594 010d 0A       		.uleb128 0xa
 595 010e 19010000 		.4byte	.LASF27
 596 0112 01       		.byte	0x1
 597 0113 AE       		.byte	0xae
 598 0114 00000000 		.4byte	.LFB4
 599 0118 32000000 		.4byte	.LFE4-.LFB4
 600 011c 01       		.uleb128 0x1
 601 011d 9C       		.byte	0x9c
 602 011e 7F010000 		.4byte	0x17f
 603 0122 0B       		.uleb128 0xb
 604 0123 37010000 		.4byte	.LASF23
 605 0127 01       		.byte	0x1
 606 0128 AE       		.byte	0xae
 607 0129 7F010000 		.4byte	0x17f
 608 012d 01       		.uleb128 0x1
 609 012e 50       		.byte	0x50
 610 012f 0B       		.uleb128 0xb
 611 0130 49010000 		.4byte	.LASF24
 612 0134 01       		.byte	0x1
 613 0135 AE       		.byte	0xae
 614 0136 8A010000 		.4byte	0x18a
 615 013a 01       		.uleb128 0x1
 616 013b 51       		.byte	0x51
 617 013c 0C       		.uleb128 0xc
 618 013d 6900     		.ascii	"i\000"
 619 013f 01       		.byte	0x1
 620 0140 B1       		.byte	0xb1
ARM GAS  C:\Users\Admin\AppData\Local\Temp\ccm7ahbP.s 			page 19


 621 0141 A5000000 		.4byte	0xa5
 622 0145 00000000 		.4byte	.LLST0
 623 0149 0C       		.uleb128 0xc
 624 014a 6A00     		.ascii	"j\000"
 625 014c 01       		.byte	0x1
 626 014d B1       		.byte	0xb1
 627 014e A5000000 		.4byte	0xa5
 628 0152 1F000000 		.4byte	.LLST1
 629 0156 0D       		.uleb128 0xd
 630 0157 08000000 		.4byte	.LBB2
 631 015b 22000000 		.4byte	.LBE2-.LBB2
 632 015f 0E       		.uleb128 0xe
 633 0160 2F020000 		.4byte	.LASF25
 634 0164 01       		.byte	0x1
 635 0165 B4       		.byte	0xb4
 636 0166 A5000000 		.4byte	0xa5
 637 016a 3E000000 		.4byte	.LLST2
 638 016e 0E       		.uleb128 0xe
 639 016f 33000000 		.4byte	.LASF26
 640 0173 01       		.byte	0x1
 641 0174 B5       		.byte	0xb5
 642 0175 8D000000 		.4byte	0x8d
 643 0179 51000000 		.4byte	.LLST3
 644 017d 00       		.byte	0
 645 017e 00       		.byte	0
 646 017f 0F       		.uleb128 0xf
 647 0180 04       		.byte	0x4
 648 0181 85010000 		.4byte	0x185
 649 0185 10       		.uleb128 0x10
 650 0186 A5000000 		.4byte	0xa5
 651 018a 0F       		.uleb128 0xf
 652 018b 04       		.byte	0x4
 653 018c 90010000 		.4byte	0x190
 654 0190 10       		.uleb128 0x10
 655 0191 02010000 		.4byte	0x102
 656 0195 11       		.uleb128 0x11
 657 0196 0D000000 		.4byte	.LASF42
 658 019a 01       		.byte	0x1
 659 019b 0101     		.2byte	0x101
 660 019d 00000000 		.4byte	.LFB6
 661 01a1 20000000 		.4byte	.LFE6-.LFB6
 662 01a5 01       		.uleb128 0x1
 663 01a6 9C       		.byte	0x9c
 664 01a7 0A       		.uleb128 0xa
 665 01a8 F3000000 		.4byte	.LASF28
 666 01ac 01       		.byte	0x1
 667 01ad 4C       		.byte	0x4c
 668 01ae 00000000 		.4byte	.LFB1
 669 01b2 0C000000 		.4byte	.LFE1-.LFB1
 670 01b6 01       		.uleb128 0x1
 671 01b7 9C       		.byte	0x9c
 672 01b8 F4010000 		.4byte	0x1f4
 673 01bc 12       		.uleb128 0x12
 674 01bd 7300     		.ascii	"s\000"
 675 01bf 01       		.byte	0x1
 676 01c0 4C       		.byte	0x4c
 677 01c1 84000000 		.4byte	0x84
ARM GAS  C:\Users\Admin\AppData\Local\Temp\ccm7ahbP.s 			page 20


 678 01c5 6F000000 		.4byte	.LLST4
 679 01c9 12       		.uleb128 0x12
 680 01ca 6E00     		.ascii	"n\000"
 681 01cc 01       		.byte	0x1
 682 01cd 4C       		.byte	0x4c
 683 01ce 2C000000 		.4byte	0x2c
 684 01d2 90000000 		.4byte	.LLST5
 685 01d6 13       		.uleb128 0x13
 686 01d7 0A000000 		.4byte	.LVL14
 687 01db 91030000 		.4byte	0x391
 688 01df 14       		.uleb128 0x14
 689 01e0 01       		.uleb128 0x1
 690 01e1 50       		.byte	0x50
 691 01e2 03       		.uleb128 0x3
 692 01e3 F3       		.byte	0xf3
 693 01e4 01       		.uleb128 0x1
 694 01e5 50       		.byte	0x50
 695 01e6 14       		.uleb128 0x14
 696 01e7 01       		.uleb128 0x1
 697 01e8 51       		.byte	0x51
 698 01e9 01       		.uleb128 0x1
 699 01ea 30       		.byte	0x30
 700 01eb 14       		.uleb128 0x14
 701 01ec 01       		.uleb128 0x1
 702 01ed 52       		.byte	0x52
 703 01ee 03       		.uleb128 0x3
 704 01ef F3       		.byte	0xf3
 705 01f0 01       		.uleb128 0x1
 706 01f1 51       		.byte	0x51
 707 01f2 00       		.byte	0
 708 01f3 00       		.byte	0
 709 01f4 0A       		.uleb128 0xa
 710 01f5 39000000 		.4byte	.LASF29
 711 01f9 01       		.byte	0x1
 712 01fa D3       		.byte	0xd3
 713 01fb 00000000 		.4byte	.LFB5
 714 01ff 70000000 		.4byte	.LFE5-.LFB5
 715 0203 01       		.uleb128 0x1
 716 0204 9C       		.byte	0x9c
 717 0205 40020000 		.4byte	0x240
 718 0209 15       		.uleb128 0x15
 719 020a 0E000000 		.4byte	.LVL15
 720 020e 9A030000 		.4byte	0x39a
 721 0212 1D020000 		.4byte	0x21d
 722 0216 14       		.uleb128 0x14
 723 0217 01       		.uleb128 0x1
 724 0218 50       		.byte	0x50
 725 0219 02       		.uleb128 0x2
 726 021a 08       		.byte	0x8
 727 021b 30       		.byte	0x30
 728 021c 00       		.byte	0
 729 021d 15       		.uleb128 0x15
 730 021e 3A000000 		.4byte	.LVL16
 731 0222 A5030000 		.4byte	0x3a5
 732 0226 30020000 		.4byte	0x230
 733 022a 14       		.uleb128 0x14
 734 022b 01       		.uleb128 0x1
ARM GAS  C:\Users\Admin\AppData\Local\Temp\ccm7ahbP.s 			page 21


 735 022c 50       		.byte	0x50
 736 022d 01       		.uleb128 0x1
 737 022e 37       		.byte	0x37
 738 022f 00       		.byte	0
 739 0230 13       		.uleb128 0x13
 740 0231 40000000 		.4byte	.LVL17
 741 0235 B0030000 		.4byte	0x3b0
 742 0239 14       		.uleb128 0x14
 743 023a 01       		.uleb128 0x1
 744 023b 50       		.byte	0x50
 745 023c 01       		.uleb128 0x1
 746 023d 37       		.byte	0x37
 747 023e 00       		.byte	0
 748 023f 00       		.byte	0
 749 0240 16       		.uleb128 0x16
 750 0241 68010000 		.4byte	.LASF43
 751 0245 01       		.byte	0x1
 752 0246 1C01     		.2byte	0x11c
 753 0248 70000000 		.4byte	.LFB7
 754 024c CC000000 		.4byte	.LFE7-.LFB7
 755 0250 01       		.uleb128 0x1
 756 0251 9C       		.byte	0x9c
 757 0252 67030000 		.4byte	0x367
 758 0256 17       		.uleb128 0x17
 759 0257 74000000 		.4byte	.LBB3
 760 025b 68000000 		.4byte	.LBE3-.LBB3
 761 025f 54030000 		.4byte	0x354
 762 0263 18       		.uleb128 0x18
 763 0264 44000000 		.4byte	.LASF30
 764 0268 01       		.byte	0x1
 765 0269 2201     		.2byte	0x122
 766 026b 77030000 		.4byte	0x377
 767 026f 05       		.uleb128 0x5
 768 0270 03       		.byte	0x3
 769 0271 40000000 		.4byte	cy_cfg_addr_table.4905
 770 0275 18       		.uleb128 0x18
 771 0276 56000000 		.4byte	.LASF31
 772 027a 01       		.byte	0x1
 773 027b 2901     		.2byte	0x129
 774 027d 8C030000 		.4byte	0x38c
 775 0281 05       		.uleb128 0x5
 776 0282 03       		.byte	0x3
 777 0283 0C000000 		.4byte	cy_cfg_data_table.4906
 778 0287 19       		.uleb128 0x19
 779 0288 06       		.byte	0x6
 780 0289 01       		.byte	0x1
 781 028a 4801     		.2byte	0x148
 782 028c AB020000 		.4byte	0x2ab
 783 0290 1A       		.uleb128 0x1a
 784 0291 75010000 		.4byte	.LASF32
 785 0295 01       		.byte	0x1
 786 0296 4901     		.2byte	0x149
 787 0298 84000000 		.4byte	0x84
 788 029c 00       		.byte	0
 789 029d 1A       		.uleb128 0x1a
 790 029e 7E000000 		.4byte	.LASF33
 791 02a2 01       		.byte	0x1
ARM GAS  C:\Users\Admin\AppData\Local\Temp\ccm7ahbP.s 			page 22


 792 02a3 4A01     		.2byte	0x14a
 793 02a5 99000000 		.4byte	0x99
 794 02a9 04       		.byte	0x4
 795 02aa 00       		.byte	0
 796 02ab 06       		.uleb128 0x6
 797 02ac 22020000 		.4byte	.LASF34
 798 02b0 01       		.byte	0x1
 799 02b1 4B01     		.2byte	0x14b
 800 02b3 87020000 		.4byte	0x287
 801 02b7 1B       		.uleb128 0x1b
 802 02b8 C7020000 		.4byte	0x2c7
 803 02bc C7020000 		.4byte	0x2c7
 804 02c0 1C       		.uleb128 0x1c
 805 02c1 7D000000 		.4byte	0x7d
 806 02c5 01       		.byte	0x1
 807 02c6 00       		.byte	0
 808 02c7 10       		.uleb128 0x10
 809 02c8 AB020000 		.4byte	0x2ab
 810 02cc 18       		.uleb128 0x18
 811 02cd 6E000000 		.4byte	.LASF35
 812 02d1 01       		.byte	0x1
 813 02d2 4D01     		.2byte	0x14d
 814 02d4 DE020000 		.4byte	0x2de
 815 02d8 05       		.uleb128 0x5
 816 02d9 03       		.byte	0x3
 817 02da 00000000 		.4byte	cfg_memset_list.4911
 818 02de 10       		.uleb128 0x10
 819 02df B7020000 		.4byte	0x2b7
 820 02e3 1D       		.uleb128 0x1d
 821 02e4 6900     		.ascii	"i\000"
 822 02e6 01       		.byte	0x1
 823 02e7 5301     		.2byte	0x153
 824 02e9 8D000000 		.4byte	0x8d
 825 02ed BC000000 		.4byte	.LLST6
 826 02f1 17       		.uleb128 0x17
 827 02f2 78000000 		.4byte	.LBB4
 828 02f6 1C000000 		.4byte	.LBE4-.LBB4
 829 02fa 37030000 		.4byte	0x337
 830 02fe 1D       		.uleb128 0x1d
 831 02ff 6D7300   		.ascii	"ms\000"
 832 0302 01       		.byte	0x1
 833 0303 5801     		.2byte	0x158
 834 0305 0D030000 		.4byte	0x30d
 835 0309 E6000000 		.4byte	.LLST7
 836 030d 0F       		.uleb128 0xf
 837 030e 04       		.byte	0x4
 838 030f C7020000 		.4byte	0x2c7
 839 0313 13       		.uleb128 0x13
 840 0314 94000000 		.4byte	.LVL20
 841 0318 A7010000 		.4byte	0x1a7
 842 031c 14       		.uleb128 0x14
 843 031d 01       		.uleb128 0x1
 844 031e 51       		.byte	0x51
 845 031f 15       		.uleb128 0x15
 846 0320 74       		.byte	0x74
 847 0321 00       		.sleb128 0
 848 0322 31       		.byte	0x31
ARM GAS  C:\Users\Admin\AppData\Local\Temp\ccm7ahbP.s 			page 23


 849 0323 24       		.byte	0x24
 850 0324 74       		.byte	0x74
 851 0325 00       		.sleb128 0
 852 0326 22       		.byte	0x22
 853 0327 31       		.byte	0x31
 854 0328 24       		.byte	0x24
 855 0329 03       		.byte	0x3
 856 032a 04000000 		.4byte	.LANCHOR0+4
 857 032e 22       		.byte	0x22
 858 032f 94       		.byte	0x94
 859 0330 02       		.byte	0x2
 860 0331 0A       		.byte	0xa
 861 0332 FFFF     		.2byte	0xffff
 862 0334 1A       		.byte	0x1a
 863 0335 00       		.byte	0
 864 0336 00       		.byte	0
 865 0337 13       		.uleb128 0x13
 866 0338 A8000000 		.4byte	.LVL23
 867 033c 0D010000 		.4byte	0x10d
 868 0340 14       		.uleb128 0x14
 869 0341 01       		.uleb128 0x1
 870 0342 50       		.byte	0x50
 871 0343 05       		.uleb128 0x5
 872 0344 03       		.byte	0x3
 873 0345 40000000 		.4byte	.LANCHOR0+64
 874 0349 14       		.uleb128 0x14
 875 034a 01       		.uleb128 0x1
 876 034b 51       		.byte	0x51
 877 034c 05       		.uleb128 0x5
 878 034d 03       		.byte	0x3
 879 034e 0C000000 		.4byte	.LANCHOR0+12
 880 0352 00       		.byte	0
 881 0353 00       		.byte	0
 882 0354 1E       		.uleb128 0x1e
 883 0355 02010000 		.4byte	.LVL24
 884 0359 F4010000 		.4byte	0x1f4
 885 035d 1E       		.uleb128 0x1e
 886 035e 06010000 		.4byte	.LVL25
 887 0362 95010000 		.4byte	0x195
 888 0366 00       		.byte	0
 889 0367 1B       		.uleb128 0x1b
 890 0368 85010000 		.4byte	0x185
 891 036c 77030000 		.4byte	0x377
 892 0370 1C       		.uleb128 0x1c
 893 0371 7D000000 		.4byte	0x7d
 894 0375 03       		.byte	0x3
 895 0376 00       		.byte	0
 896 0377 10       		.uleb128 0x10
 897 0378 67030000 		.4byte	0x367
 898 037c 1B       		.uleb128 0x1b
 899 037d 90010000 		.4byte	0x190
 900 0381 8C030000 		.4byte	0x38c
 901 0385 1C       		.uleb128 0x1c
 902 0386 7D000000 		.4byte	0x7d
 903 038a 19       		.byte	0x19
 904 038b 00       		.byte	0
 905 038c 10       		.uleb128 0x10
ARM GAS  C:\Users\Admin\AppData\Local\Temp\ccm7ahbP.s 			page 24


 906 038d 7C030000 		.4byte	0x37c
 907 0391 1F       		.uleb128 0x1f
 908 0392 0B010000 		.4byte	.LASF44
 909 0396 0B010000 		.4byte	.LASF44
 910 039a 20       		.uleb128 0x20
 911 039b 8B020000 		.4byte	.LASF36
 912 039f 8B020000 		.4byte	.LASF36
 913 03a3 04       		.byte	0x4
 914 03a4 6C       		.byte	0x6c
 915 03a5 20       		.uleb128 0x20
 916 03a6 1E000000 		.4byte	.LASF37
 917 03aa 1E000000 		.4byte	.LASF37
 918 03ae 04       		.byte	0x4
 919 03af D0       		.byte	0xd0
 920 03b0 20       		.uleb128 0x20
 921 03b1 2B010000 		.4byte	.LASF38
 922 03b5 2B010000 		.4byte	.LASF38
 923 03b9 04       		.byte	0x4
 924 03ba D6       		.byte	0xd6
 925 03bb 00       		.byte	0
 926              		.section	.debug_abbrev,"",%progbits
 927              	.Ldebug_abbrev0:
 928 0000 01       		.uleb128 0x1
 929 0001 11       		.uleb128 0x11
 930 0002 01       		.byte	0x1
 931 0003 25       		.uleb128 0x25
 932 0004 0E       		.uleb128 0xe
 933 0005 13       		.uleb128 0x13
 934 0006 0B       		.uleb128 0xb
 935 0007 03       		.uleb128 0x3
 936 0008 0E       		.uleb128 0xe
 937 0009 1B       		.uleb128 0x1b
 938 000a 0E       		.uleb128 0xe
 939 000b 55       		.uleb128 0x55
 940 000c 17       		.uleb128 0x17
 941 000d 11       		.uleb128 0x11
 942 000e 01       		.uleb128 0x1
 943 000f 10       		.uleb128 0x10
 944 0010 17       		.uleb128 0x17
 945 0011 00       		.byte	0
 946 0012 00       		.byte	0
 947 0013 02       		.uleb128 0x2
 948 0014 24       		.uleb128 0x24
 949 0015 00       		.byte	0
 950 0016 0B       		.uleb128 0xb
 951 0017 0B       		.uleb128 0xb
 952 0018 3E       		.uleb128 0x3e
 953 0019 0B       		.uleb128 0xb
 954 001a 03       		.uleb128 0x3
 955 001b 08       		.uleb128 0x8
 956 001c 00       		.byte	0
 957 001d 00       		.byte	0
 958 001e 03       		.uleb128 0x3
 959 001f 16       		.uleb128 0x16
 960 0020 00       		.byte	0
 961 0021 03       		.uleb128 0x3
 962 0022 0E       		.uleb128 0xe
ARM GAS  C:\Users\Admin\AppData\Local\Temp\ccm7ahbP.s 			page 25


 963 0023 3A       		.uleb128 0x3a
 964 0024 0B       		.uleb128 0xb
 965 0025 3B       		.uleb128 0x3b
 966 0026 0B       		.uleb128 0xb
 967 0027 49       		.uleb128 0x49
 968 0028 13       		.uleb128 0x13
 969 0029 00       		.byte	0
 970 002a 00       		.byte	0
 971 002b 04       		.uleb128 0x4
 972 002c 24       		.uleb128 0x24
 973 002d 00       		.byte	0
 974 002e 0B       		.uleb128 0xb
 975 002f 0B       		.uleb128 0xb
 976 0030 3E       		.uleb128 0x3e
 977 0031 0B       		.uleb128 0xb
 978 0032 03       		.uleb128 0x3
 979 0033 0E       		.uleb128 0xe
 980 0034 00       		.byte	0
 981 0035 00       		.byte	0
 982 0036 05       		.uleb128 0x5
 983 0037 0F       		.uleb128 0xf
 984 0038 00       		.byte	0
 985 0039 0B       		.uleb128 0xb
 986 003a 0B       		.uleb128 0xb
 987 003b 00       		.byte	0
 988 003c 00       		.byte	0
 989 003d 06       		.uleb128 0x6
 990 003e 16       		.uleb128 0x16
 991 003f 00       		.byte	0
 992 0040 03       		.uleb128 0x3
 993 0041 0E       		.uleb128 0xe
 994 0042 3A       		.uleb128 0x3a
 995 0043 0B       		.uleb128 0xb
 996 0044 3B       		.uleb128 0x3b
 997 0045 05       		.uleb128 0x5
 998 0046 49       		.uleb128 0x49
 999 0047 13       		.uleb128 0x13
 1000 0048 00       		.byte	0
 1001 0049 00       		.byte	0
 1002 004a 07       		.uleb128 0x7
 1003 004b 35       		.uleb128 0x35
 1004 004c 00       		.byte	0
 1005 004d 49       		.uleb128 0x49
 1006 004e 13       		.uleb128 0x13
 1007 004f 00       		.byte	0
 1008 0050 00       		.byte	0
 1009 0051 08       		.uleb128 0x8
 1010 0052 13       		.uleb128 0x13
 1011 0053 01       		.byte	0x1
 1012 0054 0B       		.uleb128 0xb
 1013 0055 0B       		.uleb128 0xb
 1014 0056 3A       		.uleb128 0x3a
 1015 0057 0B       		.uleb128 0xb
 1016 0058 3B       		.uleb128 0x3b
 1017 0059 0B       		.uleb128 0xb
 1018 005a 01       		.uleb128 0x1
 1019 005b 13       		.uleb128 0x13
ARM GAS  C:\Users\Admin\AppData\Local\Temp\ccm7ahbP.s 			page 26


 1020 005c 00       		.byte	0
 1021 005d 00       		.byte	0
 1022 005e 09       		.uleb128 0x9
 1023 005f 0D       		.uleb128 0xd
 1024 0060 00       		.byte	0
 1025 0061 03       		.uleb128 0x3
 1026 0062 0E       		.uleb128 0xe
 1027 0063 3A       		.uleb128 0x3a
 1028 0064 0B       		.uleb128 0xb
 1029 0065 3B       		.uleb128 0x3b
 1030 0066 0B       		.uleb128 0xb
 1031 0067 49       		.uleb128 0x49
 1032 0068 13       		.uleb128 0x13
 1033 0069 38       		.uleb128 0x38
 1034 006a 0B       		.uleb128 0xb
 1035 006b 00       		.byte	0
 1036 006c 00       		.byte	0
 1037 006d 0A       		.uleb128 0xa
 1038 006e 2E       		.uleb128 0x2e
 1039 006f 01       		.byte	0x1
 1040 0070 03       		.uleb128 0x3
 1041 0071 0E       		.uleb128 0xe
 1042 0072 3A       		.uleb128 0x3a
 1043 0073 0B       		.uleb128 0xb
 1044 0074 3B       		.uleb128 0x3b
 1045 0075 0B       		.uleb128 0xb
 1046 0076 27       		.uleb128 0x27
 1047 0077 19       		.uleb128 0x19
 1048 0078 11       		.uleb128 0x11
 1049 0079 01       		.uleb128 0x1
 1050 007a 12       		.uleb128 0x12
 1051 007b 06       		.uleb128 0x6
 1052 007c 40       		.uleb128 0x40
 1053 007d 18       		.uleb128 0x18
 1054 007e 9742     		.uleb128 0x2117
 1055 0080 19       		.uleb128 0x19
 1056 0081 01       		.uleb128 0x1
 1057 0082 13       		.uleb128 0x13
 1058 0083 00       		.byte	0
 1059 0084 00       		.byte	0
 1060 0085 0B       		.uleb128 0xb
 1061 0086 05       		.uleb128 0x5
 1062 0087 00       		.byte	0
 1063 0088 03       		.uleb128 0x3
 1064 0089 0E       		.uleb128 0xe
 1065 008a 3A       		.uleb128 0x3a
 1066 008b 0B       		.uleb128 0xb
 1067 008c 3B       		.uleb128 0x3b
 1068 008d 0B       		.uleb128 0xb
 1069 008e 49       		.uleb128 0x49
 1070 008f 13       		.uleb128 0x13
 1071 0090 02       		.uleb128 0x2
 1072 0091 18       		.uleb128 0x18
 1073 0092 00       		.byte	0
 1074 0093 00       		.byte	0
 1075 0094 0C       		.uleb128 0xc
 1076 0095 34       		.uleb128 0x34
ARM GAS  C:\Users\Admin\AppData\Local\Temp\ccm7ahbP.s 			page 27


 1077 0096 00       		.byte	0
 1078 0097 03       		.uleb128 0x3
 1079 0098 08       		.uleb128 0x8
 1080 0099 3A       		.uleb128 0x3a
 1081 009a 0B       		.uleb128 0xb
 1082 009b 3B       		.uleb128 0x3b
 1083 009c 0B       		.uleb128 0xb
 1084 009d 49       		.uleb128 0x49
 1085 009e 13       		.uleb128 0x13
 1086 009f 02       		.uleb128 0x2
 1087 00a0 17       		.uleb128 0x17
 1088 00a1 00       		.byte	0
 1089 00a2 00       		.byte	0
 1090 00a3 0D       		.uleb128 0xd
 1091 00a4 0B       		.uleb128 0xb
 1092 00a5 01       		.byte	0x1
 1093 00a6 11       		.uleb128 0x11
 1094 00a7 01       		.uleb128 0x1
 1095 00a8 12       		.uleb128 0x12
 1096 00a9 06       		.uleb128 0x6
 1097 00aa 00       		.byte	0
 1098 00ab 00       		.byte	0
 1099 00ac 0E       		.uleb128 0xe
 1100 00ad 34       		.uleb128 0x34
 1101 00ae 00       		.byte	0
 1102 00af 03       		.uleb128 0x3
 1103 00b0 0E       		.uleb128 0xe
 1104 00b1 3A       		.uleb128 0x3a
 1105 00b2 0B       		.uleb128 0xb
 1106 00b3 3B       		.uleb128 0x3b
 1107 00b4 0B       		.uleb128 0xb
 1108 00b5 49       		.uleb128 0x49
 1109 00b6 13       		.uleb128 0x13
 1110 00b7 02       		.uleb128 0x2
 1111 00b8 17       		.uleb128 0x17
 1112 00b9 00       		.byte	0
 1113 00ba 00       		.byte	0
 1114 00bb 0F       		.uleb128 0xf
 1115 00bc 0F       		.uleb128 0xf
 1116 00bd 00       		.byte	0
 1117 00be 0B       		.uleb128 0xb
 1118 00bf 0B       		.uleb128 0xb
 1119 00c0 49       		.uleb128 0x49
 1120 00c1 13       		.uleb128 0x13
 1121 00c2 00       		.byte	0
 1122 00c3 00       		.byte	0
 1123 00c4 10       		.uleb128 0x10
 1124 00c5 26       		.uleb128 0x26
 1125 00c6 00       		.byte	0
 1126 00c7 49       		.uleb128 0x49
 1127 00c8 13       		.uleb128 0x13
 1128 00c9 00       		.byte	0
 1129 00ca 00       		.byte	0
 1130 00cb 11       		.uleb128 0x11
 1131 00cc 2E       		.uleb128 0x2e
 1132 00cd 00       		.byte	0
 1133 00ce 03       		.uleb128 0x3
ARM GAS  C:\Users\Admin\AppData\Local\Temp\ccm7ahbP.s 			page 28


 1134 00cf 0E       		.uleb128 0xe
 1135 00d0 3A       		.uleb128 0x3a
 1136 00d1 0B       		.uleb128 0xb
 1137 00d2 3B       		.uleb128 0x3b
 1138 00d3 05       		.uleb128 0x5
 1139 00d4 27       		.uleb128 0x27
 1140 00d5 19       		.uleb128 0x19
 1141 00d6 11       		.uleb128 0x11
 1142 00d7 01       		.uleb128 0x1
 1143 00d8 12       		.uleb128 0x12
 1144 00d9 06       		.uleb128 0x6
 1145 00da 40       		.uleb128 0x40
 1146 00db 18       		.uleb128 0x18
 1147 00dc 9742     		.uleb128 0x2117
 1148 00de 19       		.uleb128 0x19
 1149 00df 00       		.byte	0
 1150 00e0 00       		.byte	0
 1151 00e1 12       		.uleb128 0x12
 1152 00e2 05       		.uleb128 0x5
 1153 00e3 00       		.byte	0
 1154 00e4 03       		.uleb128 0x3
 1155 00e5 08       		.uleb128 0x8
 1156 00e6 3A       		.uleb128 0x3a
 1157 00e7 0B       		.uleb128 0xb
 1158 00e8 3B       		.uleb128 0x3b
 1159 00e9 0B       		.uleb128 0xb
 1160 00ea 49       		.uleb128 0x49
 1161 00eb 13       		.uleb128 0x13
 1162 00ec 02       		.uleb128 0x2
 1163 00ed 17       		.uleb128 0x17
 1164 00ee 00       		.byte	0
 1165 00ef 00       		.byte	0
 1166 00f0 13       		.uleb128 0x13
 1167 00f1 898201   		.uleb128 0x4109
 1168 00f4 01       		.byte	0x1
 1169 00f5 11       		.uleb128 0x11
 1170 00f6 01       		.uleb128 0x1
 1171 00f7 31       		.uleb128 0x31
 1172 00f8 13       		.uleb128 0x13
 1173 00f9 00       		.byte	0
 1174 00fa 00       		.byte	0
 1175 00fb 14       		.uleb128 0x14
 1176 00fc 8A8201   		.uleb128 0x410a
 1177 00ff 00       		.byte	0
 1178 0100 02       		.uleb128 0x2
 1179 0101 18       		.uleb128 0x18
 1180 0102 9142     		.uleb128 0x2111
 1181 0104 18       		.uleb128 0x18
 1182 0105 00       		.byte	0
 1183 0106 00       		.byte	0
 1184 0107 15       		.uleb128 0x15
 1185 0108 898201   		.uleb128 0x4109
 1186 010b 01       		.byte	0x1
 1187 010c 11       		.uleb128 0x11
 1188 010d 01       		.uleb128 0x1
 1189 010e 31       		.uleb128 0x31
 1190 010f 13       		.uleb128 0x13
ARM GAS  C:\Users\Admin\AppData\Local\Temp\ccm7ahbP.s 			page 29


 1191 0110 01       		.uleb128 0x1
 1192 0111 13       		.uleb128 0x13
 1193 0112 00       		.byte	0
 1194 0113 00       		.byte	0
 1195 0114 16       		.uleb128 0x16
 1196 0115 2E       		.uleb128 0x2e
 1197 0116 01       		.byte	0x1
 1198 0117 3F       		.uleb128 0x3f
 1199 0118 19       		.uleb128 0x19
 1200 0119 03       		.uleb128 0x3
 1201 011a 0E       		.uleb128 0xe
 1202 011b 3A       		.uleb128 0x3a
 1203 011c 0B       		.uleb128 0xb
 1204 011d 3B       		.uleb128 0x3b
 1205 011e 05       		.uleb128 0x5
 1206 011f 27       		.uleb128 0x27
 1207 0120 19       		.uleb128 0x19
 1208 0121 11       		.uleb128 0x11
 1209 0122 01       		.uleb128 0x1
 1210 0123 12       		.uleb128 0x12
 1211 0124 06       		.uleb128 0x6
 1212 0125 40       		.uleb128 0x40
 1213 0126 18       		.uleb128 0x18
 1214 0127 9742     		.uleb128 0x2117
 1215 0129 19       		.uleb128 0x19
 1216 012a 01       		.uleb128 0x1
 1217 012b 13       		.uleb128 0x13
 1218 012c 00       		.byte	0
 1219 012d 00       		.byte	0
 1220 012e 17       		.uleb128 0x17
 1221 012f 0B       		.uleb128 0xb
 1222 0130 01       		.byte	0x1
 1223 0131 11       		.uleb128 0x11
 1224 0132 01       		.uleb128 0x1
 1225 0133 12       		.uleb128 0x12
 1226 0134 06       		.uleb128 0x6
 1227 0135 01       		.uleb128 0x1
 1228 0136 13       		.uleb128 0x13
 1229 0137 00       		.byte	0
 1230 0138 00       		.byte	0
 1231 0139 18       		.uleb128 0x18
 1232 013a 34       		.uleb128 0x34
 1233 013b 00       		.byte	0
 1234 013c 03       		.uleb128 0x3
 1235 013d 0E       		.uleb128 0xe
 1236 013e 3A       		.uleb128 0x3a
 1237 013f 0B       		.uleb128 0xb
 1238 0140 3B       		.uleb128 0x3b
 1239 0141 05       		.uleb128 0x5
 1240 0142 49       		.uleb128 0x49
 1241 0143 13       		.uleb128 0x13
 1242 0144 02       		.uleb128 0x2
 1243 0145 18       		.uleb128 0x18
 1244 0146 00       		.byte	0
 1245 0147 00       		.byte	0
 1246 0148 19       		.uleb128 0x19
 1247 0149 13       		.uleb128 0x13
ARM GAS  C:\Users\Admin\AppData\Local\Temp\ccm7ahbP.s 			page 30


 1248 014a 01       		.byte	0x1
 1249 014b 0B       		.uleb128 0xb
 1250 014c 0B       		.uleb128 0xb
 1251 014d 3A       		.uleb128 0x3a
 1252 014e 0B       		.uleb128 0xb
 1253 014f 3B       		.uleb128 0x3b
 1254 0150 05       		.uleb128 0x5
 1255 0151 01       		.uleb128 0x1
 1256 0152 13       		.uleb128 0x13
 1257 0153 00       		.byte	0
 1258 0154 00       		.byte	0
 1259 0155 1A       		.uleb128 0x1a
 1260 0156 0D       		.uleb128 0xd
 1261 0157 00       		.byte	0
 1262 0158 03       		.uleb128 0x3
 1263 0159 0E       		.uleb128 0xe
 1264 015a 3A       		.uleb128 0x3a
 1265 015b 0B       		.uleb128 0xb
 1266 015c 3B       		.uleb128 0x3b
 1267 015d 05       		.uleb128 0x5
 1268 015e 49       		.uleb128 0x49
 1269 015f 13       		.uleb128 0x13
 1270 0160 38       		.uleb128 0x38
 1271 0161 0B       		.uleb128 0xb
 1272 0162 00       		.byte	0
 1273 0163 00       		.byte	0
 1274 0164 1B       		.uleb128 0x1b
 1275 0165 01       		.uleb128 0x1
 1276 0166 01       		.byte	0x1
 1277 0167 49       		.uleb128 0x49
 1278 0168 13       		.uleb128 0x13
 1279 0169 01       		.uleb128 0x1
 1280 016a 13       		.uleb128 0x13
 1281 016b 00       		.byte	0
 1282 016c 00       		.byte	0
 1283 016d 1C       		.uleb128 0x1c
 1284 016e 21       		.uleb128 0x21
 1285 016f 00       		.byte	0
 1286 0170 49       		.uleb128 0x49
 1287 0171 13       		.uleb128 0x13
 1288 0172 2F       		.uleb128 0x2f
 1289 0173 0B       		.uleb128 0xb
 1290 0174 00       		.byte	0
 1291 0175 00       		.byte	0
 1292 0176 1D       		.uleb128 0x1d
 1293 0177 34       		.uleb128 0x34
 1294 0178 00       		.byte	0
 1295 0179 03       		.uleb128 0x3
 1296 017a 08       		.uleb128 0x8
 1297 017b 3A       		.uleb128 0x3a
 1298 017c 0B       		.uleb128 0xb
 1299 017d 3B       		.uleb128 0x3b
 1300 017e 05       		.uleb128 0x5
 1301 017f 49       		.uleb128 0x49
 1302 0180 13       		.uleb128 0x13
 1303 0181 02       		.uleb128 0x2
 1304 0182 17       		.uleb128 0x17
ARM GAS  C:\Users\Admin\AppData\Local\Temp\ccm7ahbP.s 			page 31


 1305 0183 00       		.byte	0
 1306 0184 00       		.byte	0
 1307 0185 1E       		.uleb128 0x1e
 1308 0186 898201   		.uleb128 0x4109
 1309 0189 00       		.byte	0
 1310 018a 11       		.uleb128 0x11
 1311 018b 01       		.uleb128 0x1
 1312 018c 31       		.uleb128 0x31
 1313 018d 13       		.uleb128 0x13
 1314 018e 00       		.byte	0
 1315 018f 00       		.byte	0
 1316 0190 1F       		.uleb128 0x1f
 1317 0191 2E       		.uleb128 0x2e
 1318 0192 00       		.byte	0
 1319 0193 3F       		.uleb128 0x3f
 1320 0194 19       		.uleb128 0x19
 1321 0195 3C       		.uleb128 0x3c
 1322 0196 19       		.uleb128 0x19
 1323 0197 6E       		.uleb128 0x6e
 1324 0198 0E       		.uleb128 0xe
 1325 0199 03       		.uleb128 0x3
 1326 019a 0E       		.uleb128 0xe
 1327 019b 00       		.byte	0
 1328 019c 00       		.byte	0
 1329 019d 20       		.uleb128 0x20
 1330 019e 2E       		.uleb128 0x2e
 1331 019f 00       		.byte	0
 1332 01a0 3F       		.uleb128 0x3f
 1333 01a1 19       		.uleb128 0x19
 1334 01a2 3C       		.uleb128 0x3c
 1335 01a3 19       		.uleb128 0x19
 1336 01a4 6E       		.uleb128 0x6e
 1337 01a5 0E       		.uleb128 0xe
 1338 01a6 03       		.uleb128 0x3
 1339 01a7 0E       		.uleb128 0xe
 1340 01a8 3A       		.uleb128 0x3a
 1341 01a9 0B       		.uleb128 0xb
 1342 01aa 3B       		.uleb128 0x3b
 1343 01ab 0B       		.uleb128 0xb
 1344 01ac 00       		.byte	0
 1345 01ad 00       		.byte	0
 1346 01ae 00       		.byte	0
 1347              		.section	.debug_loc,"",%progbits
 1348              	.Ldebug_loc0:
 1349              	.LLST0:
 1350 0000 02000000 		.4byte	.LVL1
 1351 0004 08000000 		.4byte	.LVL2
 1352 0008 0200     		.2byte	0x2
 1353 000a 30       		.byte	0x30
 1354 000b 9F       		.byte	0x9f
 1355 000c 08000000 		.4byte	.LVL2
 1356 0010 30000000 		.4byte	.LVL11
 1357 0014 0100     		.2byte	0x1
 1358 0016 57       		.byte	0x57
 1359 0017 00000000 		.4byte	0
 1360 001b 00000000 		.4byte	0
 1361              	.LLST1:
ARM GAS  C:\Users\Admin\AppData\Local\Temp\ccm7ahbP.s 			page 32


 1362 001f 02000000 		.4byte	.LVL1
 1363 0023 08000000 		.4byte	.LVL2
 1364 0027 0200     		.2byte	0x2
 1365 0029 30       		.byte	0x30
 1366 002a 9F       		.byte	0x9f
 1367 002b 08000000 		.4byte	.LVL2
 1368 002f 30000000 		.4byte	.LVL10
 1369 0033 0100     		.2byte	0x1
 1370 0035 55       		.byte	0x55
 1371 0036 00000000 		.4byte	0
 1372 003a 00000000 		.4byte	0
 1373              	.LLST2:
 1374 003e 0C000000 		.4byte	.LVL3
 1375 0042 2C000000 		.4byte	.LVL9
 1376 0046 0100     		.2byte	0x1
 1377 0048 56       		.byte	0x56
 1378 0049 00000000 		.4byte	0
 1379 004d 00000000 		.4byte	0
 1380              	.LLST3:
 1381 0051 0E000000 		.4byte	.LVL4
 1382 0055 24000000 		.4byte	.LVL7
 1383 0059 0100     		.2byte	0x1
 1384 005b 53       		.byte	0x53
 1385 005c 26000000 		.4byte	.LVL8
 1386 0060 2C000000 		.4byte	.LVL9
 1387 0064 0100     		.2byte	0x1
 1388 0066 53       		.byte	0x53
 1389 0067 00000000 		.4byte	0
 1390 006b 00000000 		.4byte	0
 1391              	.LLST4:
 1392 006f 00000000 		.4byte	.LVL12
 1393 0073 09000000 		.4byte	.LVL14-1
 1394 0077 0100     		.2byte	0x1
 1395 0079 50       		.byte	0x50
 1396 007a 09000000 		.4byte	.LVL14-1
 1397 007e 0C000000 		.4byte	.LFE1
 1398 0082 0400     		.2byte	0x4
 1399 0084 F3       		.byte	0xf3
 1400 0085 01       		.uleb128 0x1
 1401 0086 50       		.byte	0x50
 1402 0087 9F       		.byte	0x9f
 1403 0088 00000000 		.4byte	0
 1404 008c 00000000 		.4byte	0
 1405              	.LLST5:
 1406 0090 00000000 		.4byte	.LVL12
 1407 0094 06000000 		.4byte	.LVL13
 1408 0098 0100     		.2byte	0x1
 1409 009a 51       		.byte	0x51
 1410 009b 06000000 		.4byte	.LVL13
 1411 009f 09000000 		.4byte	.LVL14-1
 1412 00a3 0100     		.2byte	0x1
 1413 00a5 52       		.byte	0x52
 1414 00a6 09000000 		.4byte	.LVL14-1
 1415 00aa 0C000000 		.4byte	.LFE1
 1416 00ae 0400     		.2byte	0x4
 1417 00b0 F3       		.byte	0xf3
 1418 00b1 01       		.uleb128 0x1
ARM GAS  C:\Users\Admin\AppData\Local\Temp\ccm7ahbP.s 			page 33


 1419 00b2 51       		.byte	0x51
 1420 00b3 9F       		.byte	0x9f
 1421 00b4 00000000 		.4byte	0
 1422 00b8 00000000 		.4byte	0
 1423              	.LLST6:
 1424 00bc 74000000 		.4byte	.LVL18
 1425 00c0 78000000 		.4byte	.LVL19
 1426 00c4 0200     		.2byte	0x2
 1427 00c6 30       		.byte	0x30
 1428 00c7 9F       		.byte	0x9f
 1429 00c8 78000000 		.4byte	.LVL19
 1430 00cc 96000000 		.4byte	.LVL21
 1431 00d0 0100     		.2byte	0x1
 1432 00d2 54       		.byte	0x54
 1433 00d3 98000000 		.4byte	.LVL22
 1434 00d7 06010000 		.4byte	.LVL26
 1435 00db 0100     		.2byte	0x1
 1436 00dd 54       		.byte	0x54
 1437 00de 00000000 		.4byte	0
 1438 00e2 00000000 		.4byte	0
 1439              	.LLST7:
 1440 00e6 78000000 		.4byte	.LVL19
 1441 00ea 96000000 		.4byte	.LVL21
 1442 00ee 0B00     		.2byte	0xb
 1443 00f0 74       		.byte	0x74
 1444 00f1 00       		.sleb128 0
 1445 00f2 36       		.byte	0x36
 1446 00f3 1E       		.byte	0x1e
 1447 00f4 03       		.byte	0x3
 1448 00f5 00000000 		.4byte	cfg_memset_list.4911
 1449 00f9 22       		.byte	0x22
 1450 00fa 9F       		.byte	0x9f
 1451 00fb 96000000 		.4byte	.LVL21
 1452 00ff 98000000 		.4byte	.LVL22
 1453 0103 0B00     		.2byte	0xb
 1454 0105 74       		.byte	0x74
 1455 0106 7F       		.sleb128 -1
 1456 0107 36       		.byte	0x36
 1457 0108 1E       		.byte	0x1e
 1458 0109 03       		.byte	0x3
 1459 010a 00000000 		.4byte	cfg_memset_list.4911
 1460 010e 22       		.byte	0x22
 1461 010f 9F       		.byte	0x9f
 1462 0110 00000000 		.4byte	0
 1463 0114 00000000 		.4byte	0
 1464              		.section	.debug_aranges,"",%progbits
 1465 0000 3C000000 		.4byte	0x3c
 1466 0004 0200     		.2byte	0x2
 1467 0006 00000000 		.4byte	.Ldebug_info0
 1468 000a 04       		.byte	0x4
 1469 000b 00       		.byte	0
 1470 000c 0000     		.2byte	0
 1471 000e 0000     		.2byte	0
 1472 0010 00000000 		.4byte	.LFB4
 1473 0014 32000000 		.4byte	.LFE4-.LFB4
 1474 0018 00000000 		.4byte	.LFB6
 1475 001c 20000000 		.4byte	.LFE6-.LFB6
ARM GAS  C:\Users\Admin\AppData\Local\Temp\ccm7ahbP.s 			page 34


 1476 0020 00000000 		.4byte	.LFB1
 1477 0024 0C000000 		.4byte	.LFE1-.LFB1
 1478 0028 00000000 		.4byte	.LFB5
 1479 002c 70000000 		.4byte	.LFE5-.LFB5
 1480 0030 70000000 		.4byte	.LFB7
 1481 0034 CC000000 		.4byte	.LFE7-.LFB7
 1482 0038 00000000 		.4byte	0
 1483 003c 00000000 		.4byte	0
 1484              		.section	.debug_ranges,"",%progbits
 1485              	.Ldebug_ranges0:
 1486 0000 00000000 		.4byte	.LFB4
 1487 0004 32000000 		.4byte	.LFE4
 1488 0008 00000000 		.4byte	.LFB6
 1489 000c 20000000 		.4byte	.LFE6
 1490 0010 00000000 		.4byte	.LFB1
 1491 0014 0C000000 		.4byte	.LFE1
 1492 0018 00000000 		.4byte	.LFB5
 1493 001c 70000000 		.4byte	.LFE5
 1494 0020 70000000 		.4byte	.LFB7
 1495 0024 3C010000 		.4byte	.LFE7
 1496 0028 00000000 		.4byte	0
 1497 002c 00000000 		.4byte	0
 1498              		.section	.debug_line,"",%progbits
 1499              	.Ldebug_line0:
 1500 0000 6E010000 		.section	.debug_str,"MS",%progbits,1
 1500      0200D600 
 1500      00000201 
 1500      FB0E0D00 
 1500      01010101 
 1501              	.LASF19:
 1502 0000 72656733 		.ascii	"reg32\000"
 1502      3200
 1503              	.LASF12:
 1504 0006 73697A65 		.ascii	"size_t\000"
 1504      5F7400
 1505              	.LASF42:
 1506 000d 416E616C 		.ascii	"AnalogSetDefault\000"
 1506      6F675365 
 1506      74446566 
 1506      61756C74 
 1506      00
 1507              	.LASF37:
 1508 001e 4379496E 		.ascii	"CyIntSetVector\000"
 1508      74536574 
 1508      56656374 
 1508      6F7200
 1509              	.LASF21:
 1510 002d 76616C75 		.ascii	"value\000"
 1510      6500
 1511              	.LASF26:
 1512 0033 636F756E 		.ascii	"count\000"
 1512      7400
 1513              	.LASF29:
 1514 0039 436C6F63 		.ascii	"ClockSetup\000"
 1514      6B536574 
 1514      757000
 1515              	.LASF30:
ARM GAS  C:\Users\Admin\AppData\Local\Temp\ccm7ahbP.s 			page 35


 1516 0044 63795F63 		.ascii	"cy_cfg_addr_table\000"
 1516      66675F61 
 1516      6464725F 
 1516      7461626C 
 1516      6500
 1517              	.LASF31:
 1518 0056 63795F63 		.ascii	"cy_cfg_data_table\000"
 1518      66675F64 
 1518      6174615F 
 1518      7461626C 
 1518      6500
 1519              	.LASF16:
 1520 0068 666C6F61 		.ascii	"float\000"
 1520      7400
 1521              	.LASF35:
 1522 006e 6366675F 		.ascii	"cfg_memset_list\000"
 1522      6D656D73 
 1522      65745F6C 
 1522      69737400 
 1523              	.LASF33:
 1524 007e 73697A65 		.ascii	"size\000"
 1524      00
 1525              	.LASF18:
 1526 0083 72656738 		.ascii	"reg8\000"
 1526      00
 1527              	.LASF41:
 1528 0088 443A5C65 		.ascii	"D:\\e d u c a t i o n\\m i c r o c o n t r o l l e "
 1528      20642075 
 1528      20632061 
 1528      20742069 
 1528      206F206E 
 1529 00b9 72207320 		.ascii	"r s   2\\WorkspaceLabs\\lab-1.cydsn\000"
 1529      2020325C 
 1529      576F726B 
 1529      73706163 
 1529      654C6162 
 1530              	.LASF8:
 1531 00db 6C6F6E67 		.ascii	"long unsigned int\000"
 1531      20756E73 
 1531      69676E65 
 1531      6420696E 
 1531      7400
 1532              	.LASF13:
 1533 00ed 75696E74 		.ascii	"uint8\000"
 1533      3800
 1534              	.LASF28:
 1535 00f3 43594D45 		.ascii	"CYMEMZERO\000"
 1535      4D5A4552 
 1535      4F00
 1536              	.LASF4:
 1537 00fd 756E7369 		.ascii	"unsigned char\000"
 1537      676E6564 
 1537      20636861 
 1537      7200
 1538              	.LASF44:
 1539 010b 6D656D73 		.ascii	"memset\000"
 1539      657400
ARM GAS  C:\Users\Admin\AppData\Local\Temp\ccm7ahbP.s 			page 36


 1540              	.LASF17:
 1541 0112 646F7562 		.ascii	"double\000"
 1541      6C6500
 1542              	.LASF27:
 1543 0119 6366675F 		.ascii	"cfg_write_bytes32\000"
 1543      77726974 
 1543      655F6279 
 1543      74657333 
 1543      3200
 1544              	.LASF38:
 1545 012b 4379496E 		.ascii	"CyIntEnable\000"
 1545      74456E61 
 1545      626C6500 
 1546              	.LASF23:
 1547 0137 61646472 		.ascii	"addr_table\000"
 1547      5F746162 
 1547      6C6500
 1548              	.LASF14:
 1549 0142 75696E74 		.ascii	"uint16\000"
 1549      313600
 1550              	.LASF24:
 1551 0149 64617461 		.ascii	"data_table\000"
 1551      5F746162 
 1551      6C6500
 1552              	.LASF15:
 1553 0154 75696E74 		.ascii	"uint32\000"
 1553      333200
 1554              	.LASF0:
 1555 015b 756E7369 		.ascii	"unsigned int\000"
 1555      676E6564 
 1555      20696E74 
 1555      00
 1556              	.LASF43:
 1557 0168 63796669 		.ascii	"cyfitter_cfg\000"
 1557      74746572 
 1557      5F636667 
 1557      00
 1558              	.LASF32:
 1559 0175 61646472 		.ascii	"address\000"
 1559      65737300 
 1560              	.LASF9:
 1561 017d 6C6F6E67 		.ascii	"long long unsigned int\000"
 1561      206C6F6E 
 1561      6720756E 
 1561      7369676E 
 1561      65642069 
 1562              	.LASF39:
 1563 0194 474E5520 		.ascii	"GNU C11 5.4.1 20160609 (release) [ARM/embedded-5-br"
 1563      43313120 
 1563      352E342E 
 1563      31203230 
 1563      31363036 
 1564 01c7 616E6368 		.ascii	"anch revision 237715] -mcpu=cortex-m0 -mthumb -g -O"
 1564      20726576 
 1564      6973696F 
 1564      6E203233 
 1564      37373135 
ARM GAS  C:\Users\Admin\AppData\Local\Temp\ccm7ahbP.s 			page 37


 1565 01fa 67202D66 		.ascii	"g -ffunction-sections -ffat-lto-objects\000"
 1565      66756E63 
 1565      74696F6E 
 1565      2D736563 
 1565      74696F6E 
 1566              	.LASF34:
 1567 0222 6366675F 		.ascii	"cfg_memset_t\000"
 1567      6D656D73 
 1567      65745F74 
 1567      00
 1568              	.LASF25:
 1569 022f 62617365 		.ascii	"baseAddr\000"
 1569      41646472 
 1569      00
 1570              	.LASF10:
 1571 0238 73697A65 		.ascii	"sizetype\000"
 1571      74797065 
 1571      00
 1572              	.LASF6:
 1573 0241 73686F72 		.ascii	"short unsigned int\000"
 1573      7420756E 
 1573      7369676E 
 1573      65642069 
 1573      6E7400
 1574              	.LASF1:
 1575 0254 6C6F6E67 		.ascii	"long long int\000"
 1575      206C6F6E 
 1575      6720696E 
 1575      7400
 1576              	.LASF11:
 1577 0262 63686172 		.ascii	"char\000"
 1577      00
 1578              	.LASF22:
 1579 0267 63795F63 		.ascii	"cy_cfg_addrvalue_t\000"
 1579      66675F61 
 1579      64647276 
 1579      616C7565 
 1579      5F7400
 1580              	.LASF20:
 1581 027a 6F666673 		.ascii	"offset\000"
 1581      657400
 1582              	.LASF5:
 1583 0281 73686F72 		.ascii	"short int\000"
 1583      7420696E 
 1583      7400
 1584              	.LASF36:
 1585 028b 43795379 		.ascii	"CySysClkWriteImoFreq\000"
 1585      73436C6B 
 1585      57726974 
 1585      65496D6F 
 1585      46726571 
 1586              	.LASF7:
 1587 02a0 6C6F6E67 		.ascii	"long int\000"
 1587      20696E74 
 1587      00
 1588              	.LASF2:
 1589 02a9 6C6F6E67 		.ascii	"long double\000"
ARM GAS  C:\Users\Admin\AppData\Local\Temp\ccm7ahbP.s 			page 38


 1589      20646F75 
 1589      626C6500 
 1590              	.LASF3:
 1591 02b5 7369676E 		.ascii	"signed char\000"
 1591      65642063 
 1591      68617200 
 1592              	.LASF40:
 1593 02c1 47656E65 		.ascii	"Generated_Source\\PSoC4\\cyfitter_cfg.c\000"
 1593      72617465 
 1593      645F536F 
 1593      75726365 
 1593      5C50536F 
 1594              		.ident	"GCC: (GNU Tools for ARM Embedded Processors) 5.4.1 20160609 (release) [ARM/embedded-5-bran
